Archive member included to satisfy reference by file (symbol)

d:/programs/stm32cubeide_1.7.0/stm32cubeide/plugins/com.st.stm32cube.ide.mcu.externaltools.gnu-tools-for-stm32.9-2020-q2-update.win32_2.0.0.202105311346/tools/bin/../lib/gcc/arm-none-eabi/9.3.1/../../../../arm-none-eabi/lib/thumb/v7e-m+fp/hard\libc_nano.a(lib_a-errno.o)
                              ./Core/Src/syscalls.o (__errno)
d:/programs/stm32cubeide_1.7.0/stm32cubeide/plugins/com.st.stm32cube.ide.mcu.externaltools.gnu-tools-for-stm32.9-2020-q2-update.win32_2.0.0.202105311346/tools/bin/../lib/gcc/arm-none-eabi/9.3.1/../../../../arm-none-eabi/lib/thumb/v7e-m+fp/hard\libc_nano.a(lib_a-exit.o)
                              d:/programs/stm32cubeide_1.7.0/stm32cubeide/plugins/com.st.stm32cube.ide.mcu.externaltools.gnu-tools-for-stm32.9-2020-q2-update.win32_2.0.0.202105311346/tools/bin/../lib/gcc/arm-none-eabi/9.3.1/../../../../arm-none-eabi/lib/thumb/v7e-m+fp/hard/crt0.o (exit)
d:/programs/stm32cubeide_1.7.0/stm32cubeide/plugins/com.st.stm32cube.ide.mcu.externaltools.gnu-tools-for-stm32.9-2020-q2-update.win32_2.0.0.202105311346/tools/bin/../lib/gcc/arm-none-eabi/9.3.1/../../../../arm-none-eabi/lib/thumb/v7e-m+fp/hard\libc_nano.a(lib_a-impure.o)
                              d:/programs/stm32cubeide_1.7.0/stm32cubeide/plugins/com.st.stm32cube.ide.mcu.externaltools.gnu-tools-for-stm32.9-2020-q2-update.win32_2.0.0.202105311346/tools/bin/../lib/gcc/arm-none-eabi/9.3.1/../../../../arm-none-eabi/lib/thumb/v7e-m+fp/hard\libc_nano.a(lib_a-exit.o) (_global_impure_ptr)
d:/programs/stm32cubeide_1.7.0/stm32cubeide/plugins/com.st.stm32cube.ide.mcu.externaltools.gnu-tools-for-stm32.9-2020-q2-update.win32_2.0.0.202105311346/tools/bin/../lib/gcc/arm-none-eabi/9.3.1/../../../../arm-none-eabi/lib/thumb/v7e-m+fp/hard\libc_nano.a(lib_a-init.o)
                              d:/programs/stm32cubeide_1.7.0/stm32cubeide/plugins/com.st.stm32cube.ide.mcu.externaltools.gnu-tools-for-stm32.9-2020-q2-update.win32_2.0.0.202105311346/tools/bin/../lib/gcc/arm-none-eabi/9.3.1/../../../../arm-none-eabi/lib/thumb/v7e-m+fp/hard/crt0.o (__libc_init_array)
d:/programs/stm32cubeide_1.7.0/stm32cubeide/plugins/com.st.stm32cube.ide.mcu.externaltools.gnu-tools-for-stm32.9-2020-q2-update.win32_2.0.0.202105311346/tools/bin/../lib/gcc/arm-none-eabi/9.3.1/../../../../arm-none-eabi/lib/thumb/v7e-m+fp/hard\libc_nano.a(lib_a-memset.o)
                              d:/programs/stm32cubeide_1.7.0/stm32cubeide/plugins/com.st.stm32cube.ide.mcu.externaltools.gnu-tools-for-stm32.9-2020-q2-update.win32_2.0.0.202105311346/tools/bin/../lib/gcc/arm-none-eabi/9.3.1/../../../../arm-none-eabi/lib/thumb/v7e-m+fp/hard/crt0.o (memset)
d:/programs/stm32cubeide_1.7.0/stm32cubeide/plugins/com.st.stm32cube.ide.mcu.externaltools.gnu-tools-for-stm32.9-2020-q2-update.win32_2.0.0.202105311346/tools/bin/../lib/gcc/arm-none-eabi/9.3.1/../../../../arm-none-eabi/lib/thumb/v7e-m+fp/hard\libc_nano.a(lib_a-sprintf.o)
                              ./Core/Src/main.o (sprintf)
d:/programs/stm32cubeide_1.7.0/stm32cubeide/plugins/com.st.stm32cube.ide.mcu.externaltools.gnu-tools-for-stm32.9-2020-q2-update.win32_2.0.0.202105311346/tools/bin/../lib/gcc/arm-none-eabi/9.3.1/../../../../arm-none-eabi/lib/thumb/v7e-m+fp/hard\libc_nano.a(lib_a-nano-svfprintf.o)
                              d:/programs/stm32cubeide_1.7.0/stm32cubeide/plugins/com.st.stm32cube.ide.mcu.externaltools.gnu-tools-for-stm32.9-2020-q2-update.win32_2.0.0.202105311346/tools/bin/../lib/gcc/arm-none-eabi/9.3.1/../../../../arm-none-eabi/lib/thumb/v7e-m+fp/hard\libc_nano.a(lib_a-sprintf.o) (_svfprintf_r)
d:/programs/stm32cubeide_1.7.0/stm32cubeide/plugins/com.st.stm32cube.ide.mcu.externaltools.gnu-tools-for-stm32.9-2020-q2-update.win32_2.0.0.202105311346/tools/bin/../lib/gcc/arm-none-eabi/9.3.1/../../../../arm-none-eabi/lib/thumb/v7e-m+fp/hard\libc_nano.a(lib_a-nano-vfprintf_i.o)
                              d:/programs/stm32cubeide_1.7.0/stm32cubeide/plugins/com.st.stm32cube.ide.mcu.externaltools.gnu-tools-for-stm32.9-2020-q2-update.win32_2.0.0.202105311346/tools/bin/../lib/gcc/arm-none-eabi/9.3.1/../../../../arm-none-eabi/lib/thumb/v7e-m+fp/hard\libc_nano.a(lib_a-nano-svfprintf.o) (_printf_i)
d:/programs/stm32cubeide_1.7.0/stm32cubeide/plugins/com.st.stm32cube.ide.mcu.externaltools.gnu-tools-for-stm32.9-2020-q2-update.win32_2.0.0.202105311346/tools/bin/../lib/gcc/arm-none-eabi/9.3.1/../../../../arm-none-eabi/lib/thumb/v7e-m+fp/hard\libc_nano.a(lib_a-memchr.o)
                              d:/programs/stm32cubeide_1.7.0/stm32cubeide/plugins/com.st.stm32cube.ide.mcu.externaltools.gnu-tools-for-stm32.9-2020-q2-update.win32_2.0.0.202105311346/tools/bin/../lib/gcc/arm-none-eabi/9.3.1/../../../../arm-none-eabi/lib/thumb/v7e-m+fp/hard\libc_nano.a(lib_a-nano-svfprintf.o) (memchr)
[...]
Memory Configuration

Name             Origin             Length             Attributes
CCMRAM           0x0000000010000000 0x0000000000010000 xrw
RAM              0x0000000020000000 0x0000000000020000 xrw
FLASH            0x0000000008000000 0x0000000000100000 xr
*default*        0x0000000000000000 0xffffffffffffffff

Linker script and memory map

LOAD d:/programs/stm32cubeide_1.7.0/stm32cubeide/plugins/com.st.stm32cube.ide.mcu.externaltools.gnu-tools-for-stm32.9-2020-q2-update.win32_2.0.0.202105311346/tools/bin/../lib/gcc/arm-none-eabi/9.3.1/thumb/v7e-m+fp/hard/crti.o
LOAD d:/programs/stm32cubeide_1.7.0/stm32cubeide/plugins/com.st.stm32cube.ide.mcu.externaltools.gnu-tools-for-stm32.9-2020-q2-update.win32_2.0.0.202105311346/tools/bin/../lib/gcc/arm-none-eabi/9.3.1/thumb/v7e-m+fp/hard/crtbegin.o
LOAD d:/programs/stm32cubeide_1.7.0/stm32cubeide/plugins/com.st.stm32cube.ide.mcu.externaltools.gnu-tools-for-stm32.9-2020-q2-update.win32_2.0.0.202105311346/tools/bin/../lib/gcc/arm-none-eabi/9.3.1/../../../../arm-none-eabi/lib/thumb/v7e-m+fp/hard/crt0.o
LOAD ./Core/Src/LCD_driver.o
LOAD ./Core/Src/LCD_lib.o
LOAD ./Core/Src/button.o
LOAD ./Core/Src/fonts.o
LOAD ./Core/Src/main.o
LOAD ./Core/Src/st7789.o
LOAD ./Core/Src/stm32f4xx_hal_msp.o
LOAD ./Core/Src/stm32f4xx_it.o
LOAD ./Core/Src/syscalls.o
LOAD ./Core/Src/sysmem.o
LOAD ./Core/Src/system_stm32f4xx.o
LOAD ./Core/Startup/startup_stm32f405rgtx.o
LOAD ./Drivers/STM32F4xx_HAL_Driver/Src/stm32f4xx_hal.o
LOAD ./Drivers/STM32F4xx_HAL_Driver/Src/stm32f4xx_hal_can.o
LOAD ./Drivers/STM32F4xx_HAL_Driver/Src/stm32f4xx_hal_cortex.o
LOAD ./Drivers/STM32F4xx_HAL_Driver/Src/stm32f4xx_hal_dma.o
LOAD ./Drivers/STM32F4xx_HAL_Driver/Src/stm32f4xx_hal_dma_ex.o
LOAD ./Drivers/STM32F4xx_HAL_Driver/Src/stm32f4xx_hal_exti.o
LOAD ./Drivers/STM32F4xx_HAL_Driver/Src/stm32f4xx_hal_flash.o
LOAD ./Drivers/STM32F4xx_HAL_Driver/Src/stm32f4xx_hal_flash_ex.o
LOAD ./Drivers/STM32F4xx_HAL_Driver/Src/stm32f4xx_hal_flash_ramfunc.o
LOAD ./Drivers/STM32F4xx_HAL_Driver/Src/stm32f4xx_hal_gpio.o
LOAD ./Drivers/STM32F4xx_HAL_Driver/Src/stm32f4xx_hal_pwr.o
LOAD ./Drivers/STM32F4xx_HAL_Driver/Src/stm32f4xx_hal_pwr_ex.o
LOAD ./Drivers/STM32F4xx_HAL_Driver/Src/stm32f4xx_hal_rcc.o
LOAD ./Drivers/STM32F4xx_HAL_Driver/Src/stm32f4xx_hal_rcc_ex.o
LOAD ./Drivers/STM32F4xx_HAL_Driver/Src/stm32f4xx_hal_spi.o
LOAD ./Drivers/STM32F4xx_HAL_Driver/Src/stm32f4xx_hal_tim.o
LOAD ./Drivers/STM32F4xx_HAL_Driver/Src/stm32f4xx_hal_tim_ex.o
START GROUP
LOAD d:/programs/stm32cubeide_1.7.0/stm32cubeide/plugins/com.st.stm32cube.ide.mcu.externaltools.gnu-tools-for-stm32.9-2020-q2-update.win32_2.0.0.202105311346/tools/bin/../lib/gcc/arm-none-eabi/9.3.1/../../../../arm-none-eabi/lib/thumb/v7e-m+fp/hard\libc_nano.a
LOAD d:/programs/stm32cubeide_1.7.0/stm32cubeide/plugins/com.st.stm32cube.ide.mcu.externaltools.gnu-tools-for-stm32.9-2020-q2-update.win32_2.0.0.202105311346/tools/bin/../lib/gcc/arm-none-eabi/9.3.1/../../../../arm-none-eabi/lib/thumb/v7e-m+fp/hard\libm.a
END GROUP
START GROUP
LOAD d:/programs/stm32cubeide_1.7.0/stm32cubeide/plugins/com.st.stm32cube.ide.mcu.externaltools.gnu-tools-for-stm32.9-2020-q2-update.win32_2.0.0.202105311346/tools/bin/../lib/gcc/arm-none-eabi/9.3.1/thumb/v7e-m+fp/hard\libgcc.a
LOAD d:/programs/stm32cubeide_1.7.0/stm32cubeide/plugins/com.st.stm32cube.ide.mcu.externaltools.gnu-tools-for-stm32.9-2020-q2-update.win32_2.0.0.202105311346/tools/bin/../lib/gcc/arm-none-eabi/9.3.1/../../../../arm-none-eabi/lib/thumb/v7e-m+fp/hard\libc_nano.a
END GROUP
START GROUP
LOAD d:/programs/stm32cubeide_1.7.0/stm32cubeide/plugins/com.st.stm32cube.ide.mcu.externaltools.gnu-tools-for-stm32.9-2020-q2-update.win32_2.0.0.202105311346/tools/bin/../lib/gcc/arm-none-eabi/9.3.1/thumb/v7e-m+fp/hard\libgcc.a
LOAD d:/programs/stm32cubeide_1.7.0/stm32cubeide/plugins/com.st.stm32cube.ide.mcu.externaltools.gnu-tools-for-stm32.9-2020-q2-update.win32_2.0.0.202105311346/tools/bin/../lib/gcc/arm-none-eabi/9.3.1/../../../../arm-none-eabi/lib/thumb/v7e-m+fp/hard\libc_nano.a
LOAD d:/programs/stm32cubeide_1.7.0/stm32cubeide/plugins/com.st.stm32cube.ide.mcu.externaltools.gnu-tools-for-stm32.9-2020-q2-update.win32_2.0.0.202105311346/tools/bin/../lib/gcc/arm-none-eabi/9.3.1/../../../../arm-none-eabi/lib/thumb/v7e-m+fp/hard\libnosys.a
END GROUP
START GROUP
LOAD d:/programs/stm32cubeide_1.7.0/stm32cubeide/plugins/com.st.stm32cube.ide.mcu.externaltools.gnu-tools-for-stm32.9-2020-q2-update.win32_2.0.0.202105311346/tools/bin/../lib/gcc/arm-none-eabi/9.3.1/thumb/v7e-m+fp/hard\libgcc.a
LOAD d:/programs/stm32cubeide_1.7.0/stm32cubeide/plugins/com.st.stm32cube.ide.mcu.externaltools.gnu-tools-for-stm32.9-2020-q2-update.win32_2.0.0.202105311346/tools/bin/../lib/gcc/arm-none-eabi/9.3.1/../../../../arm-none-eabi/lib/thumb/v7e-m+fp/hard\libc_nano.a
LOAD d:/programs/stm32cubeide_1.7.0/stm32cubeide/plugins/com.st.stm32cube.ide.mcu.externaltools.gnu-tools-for-stm32.9-2020-q2-update.win32_2.0.0.202105311346/tools/bin/../lib/gcc/arm-none-eabi/9.3.1/../../../../arm-none-eabi/lib/thumb/v7e-m+fp/hard\libnosys.a
END GROUP
LOAD d:/programs/stm32cubeide_1.7.0/stm32cubeide/plugins/com.st.stm32cube.ide.mcu.externaltools.gnu-tools-for-stm32.9-2020-q2-update.win32_2.0.0.202105311346/tools/bin/../lib/gcc/arm-none-eabi/9.3.1/thumb/v7e-m+fp/hard/crtend.o
LOAD d:/programs/stm32cubeide_1.7.0/stm32cubeide/plugins/com.st.stm32cube.ide.mcu.externaltools.gnu-tools-for-stm32.9-2020-q2-update.win32_2.0.0.202105311346/tools/bin/../lib/gcc/arm-none-eabi/9.3.1/thumb/v7e-m+fp/hard/crtn.o
                0x0000000020020000                _estack = (ORIGIN (RAM) + LENGTH (RAM))
                0x0000000000000200                _Min_Heap_Size = 0x200
                0x0000000000000400                _Min_Stack_Size = 0x400

.isr_vector     0x0000000008000000      0x188
                0x0000000008000000                . = ALIGN (0x4)
 *(.isr_vector)
 .isr_vector    0x0000000008000000      0x188 ./Core/Startup/startup_stm32f405rgtx.o
                0x0000000008000000                g_pfnVectors
                0x0000000008000188                . = ALIGN (0x4)

.text           0x0000000008000190     0x53f0
                0x0000000008000190                . = ALIGN (0x4)
 *(.text)
 .text          0x0000000008000190       0x40 d:/programs/stm32cubeide_1.7.0/stm32cubeide/plugins/com.st.stm32cube.ide.mcu.externaltools.gnu-tools-for-stm32.9-2020-q2-update.win32_2.0.0.202105311346/tools/bin/../lib/gcc/arm-none-eabi/9.3.1/thumb/v7e-m+fp/hard/crtbegin.o
 .text          0x00000000080001d0       0xa0 d:/programs/stm32cubeide_1.7.0/stm32cubeide/plugins/com.st.stm32cube.ide.mcu.externaltools.gnu-tools-for-stm32.9-2020-q2-update.win32_2.0.0.202105311346/tools/bin/../lib/gcc/arm-none-eabi/9.3.1/../../../../arm-none-eabi/lib/thumb/v7e-m+fp/hard\libc_nano.a(lib_a-memchr.o)
                0x00000000080001d0                memchr
 .text          0x0000000008000270       0x30 d:/programs/stm32cubeide_1.7.0/stm32cubeide/plugins/com.st.stm32cube.ide.mcu.externaltools.gnu-tools-for-stm32.9-2020-q2-update.win32_2.0.0.202105311346/tools/bin/../lib/gcc/arm-none-eabi/9.3.1/thumb/v7e-m+fp/hard\libgcc.a(_aeabi_uldivmod.o)
                0x0000000008000270                __aeabi_uldivmod
 .text          0x00000000080002a0      0x2c4 d:/programs/stm32cubeide_1.7.0/stm32cubeide/plugins/com.st.stm32cube.ide.mcu.externaltools.gnu-tools-for-stm32.9-2020-q2-update.win32_2.0.0.202105311346/tools/bin/../lib/gcc/arm-none-eabi/9.3.1/thumb/v7e-m+fp/hard\libgcc.a(_udivmoddi4.o)
                0x00000000080002a0                __udivmoddi4
 .text          0x0000000008000564        0x4 d:/programs/stm32cubeide_1.7.0/stm32cubeide/plugins/com.st.stm32cube.ide.mcu.externaltools.gnu-tools-for-stm32.9-2020-q2-update.win32_2.0.0.202105311346/tools/bin/../lib/gcc/arm-none-eabi/9.3.1/thumb/v7e-m+fp/hard\libgcc.a(_dvmd_tls.o)
                0x0000000008000564                __aeabi_idiv0
                0x0000000008000564                __aeabi_ldiv0
 *(.text*)
 .text.spi1_communication
                0x0000000008000568       0x8c ./Core/Src/LCD_driver.o
                0x0000000008000568                spi1_communication
 .text.lcd_write_byte
                0x00000000080005f4       0x58 ./Core/Src/LCD_driver.o
                0x00000000080005f4                lcd_write_byte
 .text.lcd_write_command
                0x000000000800064c       0x2c ./Core/Src/LCD_driver.o
                0x000000000800064c                lcd_write_command
 .text.delay_ms
                0x0000000008000678       0x36 ./Core/Src/LCD_driver.o
                0x0000000008000678                delay_ms
 *fill*         0x00000000080006ae        0x2 
 .text.lcd_init
                0x00000000080006b0      0x214 ./Core/Src/LCD_driver.o
                0x00000000080006b0                lcd_init
 .text.lcd_clear_screen
                0x00000000080008c4       0xcc ./Core/Src/LCD_driver.o
                0x00000000080008c4                lcd_clear_screen
 .text.main     0x0000000008000990      0x2ec ./Core/Src/main.o
                0x0000000008000990                main
 .text.SystemClock_Config
                0x0000000008000c7c       0xbc ./Core/Src/main.o
                0x0000000008000c7c                SystemClock_Config
 .text.MX_CAN1_Init
                0x0000000008000d38       0xa4 ./Core/Src/main.o
 .text.MX_CAN2_Init
                0x0000000008000ddc       0xa8 ./Core/Src/main.o
 .text.MX_SPI1_Init
                0x0000000008000e84       0x6c ./Core/Src/main.o
 .text.MX_TIM2_Init
                0x0000000008000ef0       0x98 ./Core/Src/main.o
 .text.MX_GPIO_Init
                0x0000000008000f88       0xdc ./Core/Src/main.o
 .text.calc_SAE_J1850
                0x0000000008001064       0x78 ./Core/Src/main.o
                0x0000000008001064                calc_SAE_J1850
 .text.setTimer0
                0x00000000080010dc       0x38 ./Core/Src/main.o
                0x00000000080010dc                setTimer0
 .text.setTimer1
                0x0000000008001114       0x38 ./Core/Src/main.o
                0x0000000008001114                setTimer1
 .text.timerRun
                0x000000000800114c       0x54 ./Core/Src/main.o
                0x000000000800114c                timerRun
 .text.HAL_CAN_RxFifo0MsgPendingCallback
                0x00000000080011a0       0x80 ./Core/Src/main.o
                0x00000000080011a0                HAL_CAN_RxFifo0MsgPendingCallback
 .text.HAL_TIM_PeriodElapsedCallback
                0x0000000008001220       0x14 ./Core/Src/main.o
                0x0000000008001220                HAL_TIM_PeriodElapsedCallback
 .text.Error_Handler
                0x0000000008001234        0xa ./Core/Src/main.o
                0x0000000008001234                Error_Handler
 *fill*         0x000000000800123e        0x2 
 .text.ST7789_WriteCommand
                0x0000000008001240       0x48 ./Core/Src/st7789.o
 .text.ST7789_WriteData
                0x0000000008001288       0x70 ./Core/Src/st7789.o
 .text.ST7789_WriteSmallData
                0x00000000080012f8       0x48 ./Core/Src/st7789.o
 .text.ST7789_SetRotation
                0x0000000008001340       0x58 ./Core/Src/st7789.o
                0x0000000008001340                ST7789_SetRotation
 .text.ST7789_SetAddressWindow
                0x0000000008001398       0xb8 ./Core/Src/st7789.o
 .text.ST7789_Init
                0x0000000008001450      0x13c ./Core/Src/st7789.o
                0x0000000008001450                ST7789_Init
 .text.ST7789_Fill_Color
                0x000000000800158c       0x7c ./Core/Src/st7789.o
                0x000000000800158c                ST7789_Fill_Color
 .text.ST7789_WriteChar
                0x0000000008001608      0x100 ./Core/Src/st7789.o
                0x0000000008001608                ST7789_WriteChar
 .text.ST7789_WriteString
                0x0000000008001708       0xa8 ./Core/Src/st7789.o
                0x0000000008001708                ST7789_WriteString
 .text.HAL_MspInit
                0x00000000080017b0       0x50 ./Core/Src/stm32f4xx_hal_msp.o
                0x00000000080017b0                HAL_MspInit
 .text.HAL_CAN_MspInit
                0x0000000008001800      0x160 ./Core/Src/stm32f4xx_hal_msp.o
                0x0000000008001800                HAL_CAN_MspInit
 .text.HAL_SPI_MspInit
                0x0000000008001960       0xd0 ./Core/Src/stm32f4xx_hal_msp.o
                0x0000000008001960                HAL_SPI_MspInit
 .text.HAL_TIM_Base_MspInit
                0x0000000008001a30       0x4c ./Core/Src/stm32f4xx_hal_msp.o
                0x0000000008001a30                HAL_TIM_Base_MspInit
 .text.NMI_Handler
                0x0000000008001a7c        0x6 ./Core/Src/stm32f4xx_it.o
                0x0000000008001a7c                NMI_Handler
 .text.HardFault_Handler
                0x0000000008001a82        0x6 ./Core/Src/stm32f4xx_it.o
                0x0000000008001a82                HardFault_Handler
 .text.MemManage_Handler
                0x0000000008001a88        0x6 ./Core/Src/stm32f4xx_it.o
                0x0000000008001a88                MemManage_Handler
 .text.BusFault_Handler
                0x0000000008001a8e        0x6 ./Core/Src/stm32f4xx_it.o
                0x0000000008001a8e                BusFault_Handler
 .text.UsageFault_Handler
                0x0000000008001a94        0x6 ./Core/Src/stm32f4xx_it.o
                0x0000000008001a94                UsageFault_Handler
 .text.SVC_Handler
                0x0000000008001a9a        0xe ./Core/Src/stm32f4xx_it.o
                0x0000000008001a9a                SVC_Handler
 .text.DebugMon_Handler
                0x0000000008001aa8        0xe ./Core/Src/stm32f4xx_it.o
                0x0000000008001aa8                DebugMon_Handler
 .text.PendSV_Handler
                0x0000000008001ab6        0xe ./Core/Src/stm32f4xx_it.o
                0x0000000008001ab6                PendSV_Handler
 .text.SysTick_Handler
                0x0000000008001ac4        0xc ./Core/Src/stm32f4xx_it.o
                0x0000000008001ac4                SysTick_Handler
 .text.CAN1_RX0_IRQHandler
                0x0000000008001ad0       0x14 ./Core/Src/stm32f4xx_it.o
                0x0000000008001ad0                CAN1_RX0_IRQHandler
 .text.TIM2_IRQHandler
                0x0000000008001ae4       0x14 ./Core/Src/stm32f4xx_it.o
                0x0000000008001ae4                TIM2_IRQHandler
 .text.CAN2_RX0_IRQHandler
                0x0000000008001af8       0x14 ./Core/Src/stm32f4xx_it.o
                0x0000000008001af8                CAN2_RX0_IRQHandler
 .text._sbrk    0x0000000008001b0c       0x6c ./Core/Src/sysmem.o
                0x0000000008001b0c                _sbrk
 .text.SystemInit
                0x0000000008001b78       0x24 ./Core/Src/system_stm32f4xx.o
                0x0000000008001b78                SystemInit
 .text.Reset_Handler
                0x0000000008001b9c       0x50 ./Core/Startup/startup_stm32f405rgtx.o
                0x0000000008001b9c                Reset_Handler
 .text.Default_Handler
                0x0000000008001bec        0x2 ./Core/Startup/startup_stm32f405rgtx.o
                0x0000000008001bec                RTC_Alarm_IRQHandler
                0x0000000008001bec                HASH_RNG_IRQHandler
                0x0000000008001bec                EXTI2_IRQHandler
                0x0000000008001bec                TIM8_CC_IRQHandler
                0x0000000008001bec                TIM1_CC_IRQHandler
                0x0000000008001bec                DMA2_Stream5_IRQHandler
                0x0000000008001bec                DMA1_Stream5_IRQHandler
                0x0000000008001bec                PVD_IRQHandler
                0x0000000008001bec                SDIO_IRQHandler
                0x0000000008001bec                TAMP_STAMP_IRQHandler
                0x0000000008001bec                CAN2_RX1_IRQHandler
                0x0000000008001bec                EXTI3_IRQHandler
                0x0000000008001bec                TIM8_TRG_COM_TIM14_IRQHandler
                0x0000000008001bec                TIM1_UP_TIM10_IRQHandler
                0x0000000008001bec                TIM8_UP_TIM13_IRQHandler
                0x0000000008001bec                I2C3_ER_IRQHandler
                0x0000000008001bec                EXTI0_IRQHandler
                0x0000000008001bec                I2C2_EV_IRQHandler
                0x0000000008001bec                DMA1_Stream2_IRQHandler
                0x0000000008001bec                FPU_IRQHandler
                0x0000000008001bec                OTG_HS_WKUP_IRQHandler
                0x0000000008001bec                CAN2_SCE_IRQHandler
                0x0000000008001bec                DMA2_Stream2_IRQHandler
                0x0000000008001bec                SPI1_IRQHandler
                0x0000000008001bec                TIM6_DAC_IRQHandler
                0x0000000008001bec                TIM1_BRK_TIM9_IRQHandler
                0x0000000008001bec                DMA2_Stream3_IRQHandler
                0x0000000008001bec                USART6_IRQHandler
                0x0000000008001bec                USART3_IRQHandler
                0x0000000008001bec                CAN1_RX1_IRQHandler
                0x0000000008001bec                UART5_IRQHandler
                0x0000000008001bec                DMA2_Stream0_IRQHandler
                0x0000000008001bec                TIM4_IRQHandler
                0x0000000008001bec                I2C1_EV_IRQHandler
                0x0000000008001bec                DMA1_Stream6_IRQHandler
                0x0000000008001bec                DMA1_Stream1_IRQHandler
                0x0000000008001bec                UART4_IRQHandler
                0x0000000008001bec                TIM3_IRQHandler
                0x0000000008001bec                RCC_IRQHandler
                0x0000000008001bec                TIM8_BRK_TIM12_IRQHandler
                0x0000000008001bec                Default_Handler
                0x0000000008001bec                EXTI15_10_IRQHandler
                0x0000000008001bec                ADC_IRQHandler
                0x0000000008001bec                DMA1_Stream7_IRQHandler
                0x0000000008001bec                TIM7_IRQHandler
                0x0000000008001bec                CAN2_TX_IRQHandler
                0x0000000008001bec                TIM5_IRQHandler
                0x0000000008001bec                DMA2_Stream7_IRQHandler
                0x0000000008001bec                I2C3_EV_IRQHandler
                0x0000000008001bec                EXTI9_5_IRQHandler
                0x0000000008001bec                RTC_WKUP_IRQHandler
                0x0000000008001bec                SPI2_IRQHandler
                0x0000000008001bec                OTG_HS_EP1_IN_IRQHandler
                0x0000000008001bec                DMA1_Stream0_IRQHandler
                0x0000000008001bec                CAN1_TX_IRQHandler
                0x0000000008001bec                EXTI4_IRQHandler
                0x0000000008001bec                FSMC_IRQHandler
                0x0000000008001bec                OTG_HS_EP1_OUT_IRQHandler
                0x0000000008001bec                WWDG_IRQHandler
                0x0000000008001bec                OTG_FS_WKUP_IRQHandler
                0x0000000008001bec                TIM1_TRG_COM_TIM11_IRQHandler
                0x0000000008001bec                OTG_HS_IRQHandler
                0x0000000008001bec                EXTI1_IRQHandler
                0x0000000008001bec                USART2_IRQHandler
                0x0000000008001bec                I2C2_ER_IRQHandler
                0x0000000008001bec                DMA2_Stream1_IRQHandler
                0x0000000008001bec                CAN1_SCE_IRQHandler
                0x0000000008001bec                FLASH_IRQHandler
                0x0000000008001bec                DMA2_Stream4_IRQHandler
                0x0000000008001bec                USART1_IRQHandler
                0x0000000008001bec                OTG_FS_IRQHandler
                0x0000000008001bec                SPI3_IRQHandler
                0x0000000008001bec                DMA1_Stream4_IRQHandler
                0x0000000008001bec                I2C1_ER_IRQHandler
                0x0000000008001bec                DMA2_Stream6_IRQHandler
                0x0000000008001bec                DMA1_Stream3_IRQHandler
 *fill*         0x0000000008001bee        0x2 
 .text.HAL_Init
                0x0000000008001bf0       0x44 ./Drivers/STM32F4xx_HAL_Driver/Src/stm32f4xx_hal.o
                0x0000000008001bf0                HAL_Init
 .text.HAL_InitTick
                0x0000000008001c34       0x60 ./Drivers/STM32F4xx_HAL_Driver/Src/stm32f4xx_hal.o
                0x0000000008001c34                HAL_InitTick
 .text.HAL_IncTick
                0x0000000008001c94       0x28 ./Drivers/STM32F4xx_HAL_Driver/Src/stm32f4xx_hal.o
                0x0000000008001c94                HAL_IncTick
 .text.HAL_GetTick
                0x0000000008001cbc       0x18 ./Drivers/STM32F4xx_HAL_Driver/Src/stm32f4xx_hal.o
                0x0000000008001cbc                HAL_GetTick
 .text.HAL_Delay
                0x0000000008001cd4       0x48 ./Drivers/STM32F4xx_HAL_Driver/Src/stm32f4xx_hal.o
                0x0000000008001cd4                HAL_Delay
 .text.HAL_CAN_Init
                0x0000000008001d1c      0x1f6 ./Drivers/STM32F4xx_HAL_Driver/Src/stm32f4xx_hal_can.o
                0x0000000008001d1c                HAL_CAN_Init
 *fill*         0x0000000008001f12        0x2 
 .text.HAL_CAN_ConfigFilter
                0x0000000008001f14      0x1c0 ./Drivers/STM32F4xx_HAL_Driver/Src/stm32f4xx_hal_can.o
                0x0000000008001f14                HAL_CAN_ConfigFilter
 .text.HAL_CAN_Start
                0x00000000080020d4       0x88 ./Drivers/STM32F4xx_HAL_Driver/Src/stm32f4xx_hal_can.o
                0x00000000080020d4                HAL_CAN_Start
 .text.HAL_CAN_AddTxMessage
                0x000000000800215c      0x1b6 ./Drivers/STM32F4xx_HAL_Driver/Src/stm32f4xx_hal_can.o
                0x000000000800215c                HAL_CAN_AddTxMessage
 .text.HAL_CAN_GetTxMailboxesFreeLevel
                0x0000000008002312       0x6a ./Drivers/STM32F4xx_HAL_Driver/Src/stm32f4xx_hal_can.o
                0x0000000008002312                HAL_CAN_GetTxMailboxesFreeLevel
 .text.HAL_CAN_GetRxMessage
                0x000000000800237c      0x224 ./Drivers/STM32F4xx_HAL_Driver/Src/stm32f4xx_hal_can.o
                0x000000000800237c                HAL_CAN_GetRxMessage
 .text.HAL_CAN_ActivateNotification
                0x00000000080025a0       0x4c ./Drivers/STM32F4xx_HAL_Driver/Src/stm32f4xx_hal_can.o
                0x00000000080025a0                HAL_CAN_ActivateNotification
 .text.HAL_CAN_IRQHandler
                0x00000000080025ec      0x36e ./Drivers/STM32F4xx_HAL_Driver/Src/stm32f4xx_hal_can.o
                0x00000000080025ec                HAL_CAN_IRQHandler
 .text.HAL_CAN_TxMailbox0CompleteCallback
                0x000000000800295a       0x14 ./Drivers/STM32F4xx_HAL_Driver/Src/stm32f4xx_hal_can.o
                0x000000000800295a                HAL_CAN_TxMailbox0CompleteCallback
 .text.HAL_CAN_TxMailbox1CompleteCallback
                0x000000000800296e       0x14 ./Drivers/STM32F4xx_HAL_Driver/Src/stm32f4xx_hal_can.o
                0x000000000800296e                HAL_CAN_TxMailbox1CompleteCallback
 .text.HAL_CAN_TxMailbox2CompleteCallback
                0x0000000008002982       0x14 ./Drivers/STM32F4xx_HAL_Driver/Src/stm32f4xx_hal_can.o
                0x0000000008002982                HAL_CAN_TxMailbox2CompleteCallback
 .text.HAL_CAN_TxMailbox0AbortCallback
                0x0000000008002996       0x14 ./Drivers/STM32F4xx_HAL_Driver/Src/stm32f4xx_hal_can.o
                0x0000000008002996                HAL_CAN_TxMailbox0AbortCallback
 .text.HAL_CAN_TxMailbox1AbortCallback
                0x00000000080029aa       0x14 ./Drivers/STM32F4xx_HAL_Driver/Src/stm32f4xx_hal_can.o
                0x00000000080029aa                HAL_CAN_TxMailbox1AbortCallback
 .text.HAL_CAN_TxMailbox2AbortCallback
                0x00000000080029be       0x14 ./Drivers/STM32F4xx_HAL_Driver/Src/stm32f4xx_hal_can.o
                0x00000000080029be                HAL_CAN_TxMailbox2AbortCallback
 .text.HAL_CAN_RxFifo0FullCallback
                0x00000000080029d2       0x14 ./Drivers/STM32F4xx_HAL_Driver/Src/stm32f4xx_hal_can.o
                0x00000000080029d2                HAL_CAN_RxFifo0FullCallback
 .text.HAL_CAN_RxFifo1MsgPendingCallback
                0x00000000080029e6       0x14 ./Drivers/STM32F4xx_HAL_Driver/Src/stm32f4xx_hal_can.o
                0x00000000080029e6                HAL_CAN_RxFifo1MsgPendingCallback
 .text.HAL_CAN_RxFifo1FullCallback
                0x00000000080029fa       0x14 ./Drivers/STM32F4xx_HAL_Driver/Src/stm32f4xx_hal_can.o
                0x00000000080029fa                HAL_CAN_RxFifo1FullCallback
 .text.HAL_CAN_SleepCallback
                0x0000000008002a0e       0x14 ./Drivers/STM32F4xx_HAL_Driver/Src/stm32f4xx_hal_can.o
                0x0000000008002a0e                HAL_CAN_SleepCallback
 .text.HAL_CAN_WakeUpFromRxMsgCallback
                0x0000000008002a22       0x14 ./Drivers/STM32F4xx_HAL_Driver/Src/stm32f4xx_hal_can.o
                0x0000000008002a22                HAL_CAN_WakeUpFromRxMsgCallback
 .text.HAL_CAN_ErrorCallback
                0x0000000008002a36       0x14 ./Drivers/STM32F4xx_HAL_Driver/Src/stm32f4xx_hal_can.o
                0x0000000008002a36                HAL_CAN_ErrorCallback
 *fill*         0x0000000008002a4a        0x2 
 .text.__NVIC_SetPriorityGrouping
                0x0000000008002a4c       0x48 ./Drivers/STM32F4xx_HAL_Driver/Src/stm32f4xx_hal_cortex.o
 .text.__NVIC_GetPriorityGrouping
                0x0000000008002a94       0x1c ./Drivers/STM32F4xx_HAL_Driver/Src/stm32f4xx_hal_cortex.o
 .text.__NVIC_EnableIRQ
                0x0000000008002ab0       0x3c ./Drivers/STM32F4xx_HAL_Driver/Src/stm32f4xx_hal_cortex.o
 .text.__NVIC_SetPriority
                0x0000000008002aec       0x54 ./Drivers/STM32F4xx_HAL_Driver/Src/stm32f4xx_hal_cortex.o
 .text.NVIC_EncodePriority
                0x0000000008002b40       0x66 ./Drivers/STM32F4xx_HAL_Driver/Src/stm32f4xx_hal_cortex.o
 *fill*         0x0000000008002ba6        0x2 
 .text.SysTick_Config
                0x0000000008002ba8       0x44 ./Drivers/STM32F4xx_HAL_Driver/Src/stm32f4xx_hal_cortex.o
 .text.HAL_NVIC_SetPriorityGrouping
                0x0000000008002bec       0x16 ./Drivers/STM32F4xx_HAL_Driver/Src/stm32f4xx_hal_cortex.o
                0x0000000008002bec                HAL_NVIC_SetPriorityGrouping
 .text.HAL_NVIC_SetPriority
                0x0000000008002c02       0x38 ./Drivers/STM32F4xx_HAL_Driver/Src/stm32f4xx_hal_cortex.o
                0x0000000008002c02                HAL_NVIC_SetPriority
 .text.HAL_NVIC_EnableIRQ
                0x0000000008002c3a       0x1c ./Drivers/STM32F4xx_HAL_Driver/Src/stm32f4xx_hal_cortex.o
                0x0000000008002c3a                HAL_NVIC_EnableIRQ
 .text.HAL_SYSTICK_Config
                0x0000000008002c56       0x18 ./Drivers/STM32F4xx_HAL_Driver/Src/stm32f4xx_hal_cortex.o
                0x0000000008002c56                HAL_SYSTICK_Config
 *fill*         0x0000000008002c6e        0x2 
 .text.HAL_GPIO_Init
                0x0000000008002c70      0x338 ./Drivers/STM32F4xx_HAL_Driver/Src/stm32f4xx_hal_gpio.o
                0x0000000008002c70                HAL_GPIO_Init
 .text.HAL_GPIO_WritePin
                0x0000000008002fa8       0x32 ./Drivers/STM32F4xx_HAL_Driver/Src/stm32f4xx_hal_gpio.o
                0x0000000008002fa8                HAL_GPIO_WritePin
 .text.HAL_GPIO_TogglePin
                0x0000000008002fda       0x34 ./Drivers/STM32F4xx_HAL_Driver/Src/stm32f4xx_hal_gpio.o
                0x0000000008002fda                HAL_GPIO_TogglePin
 *fill*         0x000000000800300e        0x2 
 .text.HAL_RCC_OscConfig
                0x0000000008003010      0x4f0 ./Drivers/STM32F4xx_HAL_Driver/Src/stm32f4xx_hal_rcc.o
                0x0000000008003010                HAL_RCC_OscConfig
 .text.HAL_RCC_ClockConfig
                0x0000000008003500      0x1cc ./Drivers/STM32F4xx_HAL_Driver/Src/stm32f4xx_hal_rcc.o
                0x0000000008003500                HAL_RCC_ClockConfig
 .text.HAL_RCC_GetSysClockFreq
                0x00000000080036cc      0x16c ./Drivers/STM32F4xx_HAL_Driver/Src/stm32f4xx_hal_rcc.o
                0x00000000080036cc                HAL_RCC_GetSysClockFreq
 .text.HAL_SPI_Init
                0x0000000008003838      0x112 ./Drivers/STM32F4xx_HAL_Driver/Src/stm32f4xx_hal_spi.o
                0x0000000008003838                HAL_SPI_Init
 .text.HAL_SPI_Transmit
                0x000000000800394a      0x278 ./Drivers/STM32F4xx_HAL_Driver/Src/stm32f4xx_hal_spi.o
                0x000000000800394a                HAL_SPI_Transmit
 .text.HAL_SPI_Receive
                0x0000000008003bc2      0x222 ./Drivers/STM32F4xx_HAL_Driver/Src/stm32f4xx_hal_spi.o
                0x0000000008003bc2                HAL_SPI_Receive
 .text.HAL_SPI_TransmitReceive
                0x0000000008003de4      0x344 ./Drivers/STM32F4xx_HAL_Driver/Src/stm32f4xx_hal_spi.o
                0x0000000008003de4                HAL_SPI_TransmitReceive
 .text.HAL_SPI_GetState
                0x0000000008004128       0x1c ./Drivers/STM32F4xx_HAL_Driver/Src/stm32f4xx_hal_spi.o
                0x0000000008004128                HAL_SPI_GetState
 .text.SPI_WaitFlagStateUntilTimeout
                0x0000000008004144      0x110 ./Drivers/STM32F4xx_HAL_Driver/Src/stm32f4xx_hal_spi.o
 .text.SPI_EndRxTransaction
                0x0000000008004254       0xca ./Drivers/STM32F4xx_HAL_Driver/Src/stm32f4xx_hal_spi.o
 *fill*         0x000000000800431e        0x2 
 .text.SPI_EndRxTxTransaction
                0x0000000008004320       0x84 ./Drivers/STM32F4xx_HAL_Driver/Src/stm32f4xx_hal_spi.o
 .text.HAL_TIM_Base_Init
                0x00000000080043a4       0x9e ./Drivers/STM32F4xx_HAL_Driver/Src/stm32f4xx_hal_tim.o
                0x00000000080043a4                HAL_TIM_Base_Init
 *fill*         0x0000000008004442        0x2 
 .text.HAL_TIM_Base_Start_IT
                0x0000000008004444       0xe0 ./Drivers/STM32F4xx_HAL_Driver/Src/stm32f4xx_hal_tim.o
                0x0000000008004444                HAL_TIM_Base_Start_IT
 .text.HAL_TIM_IRQHandler
                0x0000000008004524      0x210 ./Drivers/STM32F4xx_HAL_Driver/Src/stm32f4xx_hal_tim.o
                0x0000000008004524                HAL_TIM_IRQHandler
 .text.HAL_TIM_ConfigClockSource
                0x0000000008004734      0x18e ./Drivers/STM32F4xx_HAL_Driver/Src/stm32f4xx_hal_tim.o
                0x0000000008004734                HAL_TIM_ConfigClockSource
 .text.HAL_TIM_OC_DelayElapsedCallback
                0x00000000080048c2       0x14 ./Drivers/STM32F4xx_HAL_Driver/Src/stm32f4xx_hal_tim.o
                0x00000000080048c2                HAL_TIM_OC_DelayElapsedCallback
 .text.HAL_TIM_IC_CaptureCallback
                0x00000000080048d6       0x14 ./Drivers/STM32F4xx_HAL_Driver/Src/stm32f4xx_hal_tim.o
                0x00000000080048d6                HAL_TIM_IC_CaptureCallback
 .text.HAL_TIM_PWM_PulseFinishedCallback
                0x00000000080048ea       0x14 ./Drivers/STM32F4xx_HAL_Driver/Src/stm32f4xx_hal_tim.o
                0x00000000080048ea                HAL_TIM_PWM_PulseFinishedCallback
 .text.HAL_TIM_TriggerCallback
                0x00000000080048fe       0x14 ./Drivers/STM32F4xx_HAL_Driver/Src/stm32f4xx_hal_tim.o
                0x00000000080048fe                HAL_TIM_TriggerCallback
 *fill*         0x0000000008004912        0x2 
 .text.TIM_Base_SetConfig
                0x0000000008004914      0x140 ./Drivers/STM32F4xx_HAL_Driver/Src/stm32f4xx_hal_tim.o
                0x0000000008004914                TIM_Base_SetConfig
 .text.TIM_TI1_ConfigInputStage
                0x0000000008004a54       0x5e ./Drivers/STM32F4xx_HAL_Driver/Src/stm32f4xx_hal_tim.o
 .text.TIM_TI2_ConfigInputStage
                0x0000000008004ab2       0x60 ./Drivers/STM32F4xx_HAL_Driver/Src/stm32f4xx_hal_tim.o
 .text.TIM_ITRx_SetConfig
                0x0000000008004b12       0x36 ./Drivers/STM32F4xx_HAL_Driver/Src/stm32f4xx_hal_tim.o
 .text.TIM_ETR_SetConfig
                0x0000000008004b48       0x40 ./Drivers/STM32F4xx_HAL_Driver/Src/stm32f4xx_hal_tim.o
                0x0000000008004b48                TIM_ETR_SetConfig
 .text.HAL_TIMEx_MasterConfigSynchronization
                0x0000000008004b88       0xf8 ./Drivers/STM32F4xx_HAL_Driver/Src/stm32f4xx_hal_tim_ex.o
                0x0000000008004b88                HAL_TIMEx_MasterConfigSynchronization
 .text.HAL_TIMEx_CommutCallback
                0x0000000008004c80       0x14 ./Drivers/STM32F4xx_HAL_Driver/Src/stm32f4xx_hal_tim_ex.o
                0x0000000008004c80                HAL_TIMEx_CommutCallback
 .text.HAL_TIMEx_BreakCallback
                0x0000000008004c94       0x14 ./Drivers/STM32F4xx_HAL_Driver/Src/stm32f4xx_hal_tim_ex.o
                0x0000000008004c94                HAL_TIMEx_BreakCallback
 .text.__errno  0x0000000008004ca8        0xc d:/programs/stm32cubeide_1.7.0/stm32cubeide/plugins/com.st.stm32cube.ide.mcu.externaltools.gnu-tools-for-stm32.9-2020-q2-update.win32_2.0.0.202105311346/tools/bin/../lib/gcc/arm-none-eabi/9.3.1/../../../../arm-none-eabi/lib/thumb/v7e-m+fp/hard\libc_nano.a(lib_a-errno.o)
                0x0000000008004ca8                __errno
 .text.__libc_init_array
                0x0000000008004cb4       0x48 d:/programs/stm32cubeide_1.7.0/stm32cubeide/plugins/com.st.stm32cube.ide.mcu.externaltools.gnu-tools-for-stm32.9-2020-q2-update.win32_2.0.0.202105311346/tools/bin/../lib/gcc/arm-none-eabi/9.3.1/../../../../arm-none-eabi/lib/thumb/v7e-m+fp/hard\libc_nano.a(lib_a-init.o)
                0x0000000008004cb4                __libc_init_array
 .text.memset   0x0000000008004cfc       0x10 d:/programs/stm32cubeide_1.7.0/stm32cubeide/plugins/com.st.stm32cube.ide.mcu.externaltools.gnu-tools-for-stm32.9-2020-q2-update.win32_2.0.0.202105311346/tools/bin/../lib/gcc/arm-none-eabi/9.3.1/../../../../arm-none-eabi/lib/thumb/v7e-m+fp/hard\libc_nano.a(lib_a-memset.o)
                0x0000000008004cfc                memset
 .text.sprintf  0x0000000008004d0c       0x40 d:/programs/stm32cubeide_1.7.0/stm32cubeide/plugins/com.st.stm32cube.ide.mcu.externaltools.gnu-tools-for-stm32.9-2020-q2-update.win32_2.0.0.202105311346/tools/bin/../lib/gcc/arm-none-eabi/9.3.1/../../../../arm-none-eabi/lib/thumb/v7e-m+fp/hard\libc_nano.a(lib_a-sprintf.o)
                0x0000000008004d0c                siprintf
                0x0000000008004d0c                sprintf
 .text.__ssputs_r
                0x0000000008004d4c       0xb6 d:/programs/stm32cubeide_1.7.0/stm32cubeide/plugins/com.st.stm32cube.ide.mcu.externaltools.gnu-tools-for-stm32.9-2020-q2-update.win32_2.0.0.202105311346/tools/bin/../lib/gcc/arm-none-eabi/9.3.1/../../../../arm-none-eabi/lib/thumb/v7e-m+fp/hard\libc_nano.a(lib_a-nano-svfprintf.o)
                0x0000000008004d4c                __ssputs_r
 *fill*         0x0000000008004e02        0x2 
 .text._svfprintf_r
                0x0000000008004e04      0x200 d:/programs/stm32cubeide_1.7.0/stm32cubeide/plugins/com.st.stm32cube.ide.mcu.externaltools.gnu-tools-for-stm32.9-2020-q2-update.win32_2.0.0.202105311346/tools/bin/../lib/gcc/arm-none-eabi/9.3.1/../../../../arm-none-eabi/lib/thumb/v7e-m+fp/hard\libc_nano.a(lib_a-nano-svfprintf.o)
                0x0000000008004e04                _svfiprintf_r
                0x0000000008004e04                _svfprintf_r
 .text._printf_common
                0x0000000008005004       0xda d:/programs/stm32cubeide_1.7.0/stm32cubeide/plugins/com.st.stm32cube.ide.mcu.externaltools.gnu-tools-for-stm32.9-2020-q2-update.win32_2.0.0.202105311346/tools/bin/../lib/gcc/arm-none-eabi/9.3.1/../../../../arm-none-eabi/lib/thumb/v7e-m+fp/hard\libc_nano.a(lib_a-nano-vfprintf_i.o)
                0x0000000008005004                _printf_common
 *fill*         0x00000000080050de        0x2 
 .text._printf_i
                0x00000000080050e0      0x24c d:/programs/stm32cubeide_1.7.0/stm32cubeide/plugins/com.st.stm32cube.ide.mcu.externaltools.gnu-tools-for-stm32.9-2020-q2-update.win32_2.0.0.202105311346/tools/bin/../lib/gcc/arm-none-eabi/9.3.1/../../../../arm-none-eabi/lib/thumb/v7e-m+fp/hard\libc_nano.a(lib_a-nano-vfprintf_i.o)
                0x00000000080050e0                _printf_i
 .text.memcpy   0x000000000800532c       0x1c d:/programs/stm32cubeide_1.7.0/stm32cubeide/plugins/com.st.stm32cube.ide.mcu.externaltools.gnu-tools-for-stm32.9-2020-q2-update.win32_2.0.0.202105311346/tools/bin/../lib/gcc/arm-none-eabi/9.3.1/../../../../arm-none-eabi/lib/thumb/v7e-m+fp/hard\libc_nano.a(lib_a-memcpy-stub.o)
                0x000000000800532c                memcpy
 .text.memmove  0x0000000008005348       0x34 d:/programs/stm32cubeide_1.7.0/stm32cubeide/plugins/com.st.stm32cube.ide.mcu.externaltools.gnu-tools-for-stm32.9-2020-q2-update.win32_2.0.0.202105311346/tools/bin/../lib/gcc/arm-none-eabi/9.3.1/../../../../arm-none-eabi/lib/thumb/v7e-m+fp/hard\libc_nano.a(lib_a-memmove.o)
                0x0000000008005348                memmove
 .text._free_r  0x000000000800537c       0xa0 d:/programs/stm32cubeide_1.7.0/stm32cubeide/plugins/com.st.stm32cube.ide.mcu.externaltools.gnu-tools-for-stm32.9-2020-q2-update.win32_2.0.0.202105311346/tools/bin/../lib/gcc/arm-none-eabi/9.3.1/../../../../arm-none-eabi/lib/thumb/v7e-m+fp/hard\libc_nano.a(lib_a-nano-freer.o)
                0x000000000800537c                _free_r
 .text._malloc_r
                0x000000000800541c       0xb4 d:/programs/stm32cubeide_1.7.0/stm32cubeide/plugins/com.st.stm32cube.ide.mcu.externaltools.gnu-tools-for-stm32.9-2020-q2-update.win32_2.0.0.202105311346/tools/bin/../lib/gcc/arm-none-eabi/9.3.1/../../../../arm-none-eabi/lib/thumb/v7e-m+fp/hard\libc_nano.a(lib_a-nano-mallocr.o)
                0x000000000800541c                _malloc_r
 .text._realloc_r
                0x00000000080054d0       0x4c d:/programs/stm32cubeide_1.7.0/stm32cubeide/plugins/com.st.stm32cube.ide.mcu.externaltools.gnu-tools-for-stm32.9-2020-q2-update.win32_2.0.0.202105311346/tools/bin/../lib/gcc/arm-none-eabi/9.3.1/../../../../arm-none-eabi/lib/thumb/v7e-m+fp/hard\libc_nano.a(lib_a-nano-reallocr.o)
                0x00000000080054d0                _realloc_r
 .text._sbrk_r  0x000000000800551c       0x20 d:/programs/stm32cubeide_1.7.0/stm32cubeide/plugins/com.st.stm32cube.ide.mcu.externaltools.gnu-tools-for-stm32.9-2020-q2-update.win32_2.0.0.202105311346/tools/bin/../lib/gcc/arm-none-eabi/9.3.1/../../../../arm-none-eabi/lib/thumb/v7e-m+fp/hard\libc_nano.a(lib_a-sbrkr.o)
                0x000000000800551c                _sbrk_r
 .text.__malloc_lock
                0x000000000800553c        0xc d:/programs/stm32cubeide_1.7.0/stm32cubeide/plugins/com.st.stm32cube.ide.mcu.externaltools.gnu-tools-for-stm32.9-2020-q2-update.win32_2.0.0.202105311346/tools/bin/../lib/gcc/arm-none-eabi/9.3.1/../../../../arm-none-eabi/lib/thumb/v7e-m+fp/hard\libc_nano.a(lib_a-mlock.o)
                0x000000000800553c                __malloc_lock
 .text.__malloc_unlock
                0x0000000008005548        0xc d:/programs/stm32cubeide_1.7.0/stm32cubeide/plugins/com.st.stm32cube.ide.mcu.externaltools.gnu-tools-for-stm32.9-2020-q2-update.win32_2.0.0.202105311346/tools/bin/../lib/gcc/arm-none-eabi/9.3.1/../../../../arm-none-eabi/lib/thumb/v7e-m+fp/hard\libc_nano.a(lib_a-mlock.o)
                0x0000000008005548                __malloc_unlock
 .text._malloc_usable_size_r
                0x0000000008005554       0x10 d:/programs/stm32cubeide_1.7.0/stm32cubeide/plugins/com.st.stm32cube.ide.mcu.externaltools.gnu-tools-for-stm32.9-2020-q2-update.win32_2.0.0.202105311346/tools/bin/../lib/gcc/arm-none-eabi/9.3.1/../../../../arm-none-eabi/lib/thumb/v7e-m+fp/hard\libc_nano.a(lib_a-nano-msizer.o)
                0x0000000008005554                _malloc_usable_size_r
 .text.__retarget_lock_acquire_recursive
                0x0000000008005564        0x2 d:/programs/stm32cubeide_1.7.0/stm32cubeide/plugins/com.st.stm32cube.ide.mcu.externaltools.gnu-tools-for-stm32.9-2020-q2-update.win32_2.0.0.202105311346/tools/bin/../lib/gcc/arm-none-eabi/9.3.1/../../../../arm-none-eabi/lib/thumb/v7e-m+fp/hard\libc_nano.a(lib_a-lock.o)
                0x0000000008005564                __retarget_lock_acquire_recursive
 .text.__retarget_lock_release_recursive
                0x0000000008005566        0x2 d:/programs/stm32cubeide_1.7.0/stm32cubeide/plugins/com.st.stm32cube.ide.mcu.externaltools.gnu-tools-for-stm32.9-2020-q2-update.win32_2.0.0.202105311346/tools/bin/../lib/gcc/arm-none-eabi/9.3.1/../../../../arm-none-eabi/lib/thumb/v7e-m+fp/hard\libc_nano.a(lib_a-lock.o)
                0x0000000008005566                __retarget_lock_release_recursive
 *(.glue_7)
 .glue_7        0x0000000008005568        0x0 linker stubs
 *(.glue_7t)
 .glue_7t       0x0000000008005568        0x0 linker stubs
 *(.eh_frame)
 .eh_frame      0x0000000008005568        0x0 d:/programs/stm32cubeide_1.7.0/stm32cubeide/plugins/com.st.stm32cube.ide.mcu.externaltools.gnu-tools-for-stm32.9-2020-q2-update.win32_2.0.0.202105311346/tools/bin/../lib/gcc/arm-none-eabi/9.3.1/thumb/v7e-m+fp/hard/crtbegin.o
 *(.init)
 .init          0x0000000008005568        0x4 d:/programs/stm32cubeide_1.7.0/stm32cubeide/plugins/com.st.stm32cube.ide.mcu.externaltools.gnu-tools-for-stm32.9-2020-q2-update.win32_2.0.0.202105311346/tools/bin/../lib/gcc/arm-none-eabi/9.3.1/thumb/v7e-m+fp/hard/crti.o
                0x0000000008005568                _init
 .init          0x000000000800556c        0x8 d:/programs/stm32cubeide_1.7.0/stm32cubeide/plugins/com.st.stm32cube.ide.mcu.externaltools.gnu-tools-for-stm32.9-2020-q2-update.win32_2.0.0.202105311346/tools/bin/../lib/gcc/arm-none-eabi/9.3.1/thumb/v7e-m+fp/hard/crtn.o
 *(.fini)
 .fini          0x0000000008005574        0x4 d:/programs/stm32cubeide_1.7.0/stm32cubeide/plugins/com.st.stm32cube.ide.mcu.externaltools.gnu-tools-for-stm32.9-2020-q2-update.win32_2.0.0.202105311346/tools/bin/../lib/gcc/arm-none-eabi/9.3.1/thumb/v7e-m+fp/hard/crti.o
                0x0000000008005574                _fini
 .fini          0x0000000008005578        0x8 d:/programs/stm32cubeide_1.7.0/stm32cubeide/plugins/com.st.stm32cube.ide.mcu.externaltools.gnu-tools-for-stm32.9-2020-q2-update.win32_2.0.0.202105311346/tools/bin/../lib/gcc/arm-none-eabi/9.3.1/thumb/v7e-m+fp/hard/crtn.o
                0x0000000008005580                . = ALIGN (0x4)
                0x0000000008005580                _etext = .

.vfp11_veneer   0x0000000008005580        0x0
 .vfp11_veneer  0x0000000008005580        0x0 linker stubs

.v4_bx          0x0000000008005580        0x0
 .v4_bx         0x0000000008005580        0x0 linker stubs

.iplt           0x0000000008005580        0x0
 .iplt          0x0000000008005580        0x0 d:/programs/stm32cubeide_1.7.0/stm32cubeide/plugins/com.st.stm32cube.ide.mcu.externaltools.gnu-tools-for-stm32.9-2020-q2-update.win32_2.0.0.202105311346/tools/bin/../lib/gcc/arm-none-eabi/9.3.1/thumb/v7e-m+fp/hard/crtbegin.o

.rodata         0x0000000008005580      0x8cc
                0x0000000008005580                . = ALIGN (0x4)
 *(.rodata)
 .rodata        0x0000000008005580       0x82 ./Core/Src/main.o
 *fill*         0x0000000008005602        0x2 
 .rodata        0x0000000008005604       0x97 ./Core/Src/st7789.o
 *(.rodata*)
 *fill*         0x000000000800569b        0x1 
 .rodata.Font7x10
                0x000000000800569c      0x76c ./Core/Src/fonts.o
 .rodata.AHBPrescTable
                0x0000000008005e08       0x10 ./Core/Src/system_stm32f4xx.o
                0x0000000008005e08                AHBPrescTable
 .rodata._svfprintf_r.str1.1
                0x0000000008005e18       0x11 d:/programs/stm32cubeide_1.7.0/stm32cubeide/plugins/com.st.stm32cube.ide.mcu.externaltools.gnu-tools-for-stm32.9-2020-q2-update.win32_2.0.0.202105311346/tools/bin/../lib/gcc/arm-none-eabi/9.3.1/../../../../arm-none-eabi/lib/thumb/v7e-m+fp/hard\libc_nano.a(lib_a-nano-svfprintf.o)
 .rodata._printf_i.str1.1
                0x0000000008005e29       0x22 d:/programs/stm32cubeide_1.7.0/stm32cubeide/plugins/com.st.stm32cube.ide.mcu.externaltools.gnu-tools-for-stm32.9-2020-q2-update.win32_2.0.0.202105311346/tools/bin/../lib/gcc/arm-none-eabi/9.3.1/../../../../arm-none-eabi/lib/thumb/v7e-m+fp/hard\libc_nano.a(lib_a-nano-vfprintf_i.o)
                0x0000000008005e4c                . = ALIGN (0x4)
 *fill*         0x0000000008005e4b        0x1 

.ARM.extab      0x0000000008005e4c        0x0
                0x0000000008005e4c                . = ALIGN (0x4)
 *(.ARM.extab* .gnu.linkonce.armextab.*)
                0x0000000008005e4c                . = ALIGN (0x4)

.ARM            0x0000000008005e4c        0x8
                0x0000000008005e4c                . = ALIGN (0x4)
                0x0000000008005e4c                __exidx_start = .
 *(.ARM.exidx*)
 .ARM.exidx     0x0000000008005e4c        0x8 d:/programs/stm32cubeide_1.7.0/stm32cubeide/plugins/com.st.stm32cube.ide.mcu.externaltools.gnu-tools-for-stm32.9-2020-q2-update.win32_2.0.0.202105311346/tools/bin/../lib/gcc/arm-none-eabi/9.3.1/thumb/v7e-m+fp/hard\libgcc.a(_udivmoddi4.o)
                0x0000000008005e54                __exidx_end = .
                0x0000000008005e54                . = ALIGN (0x4)

.rel.dyn        0x0000000008005e54        0x0
 .rel.iplt      0x0000000008005e54        0x0 d:/programs/stm32cubeide_1.7.0/stm32cubeide/plugins/com.st.stm32cube.ide.mcu.externaltools.gnu-tools-for-stm32.9-2020-q2-update.win32_2.0.0.202105311346/tools/bin/../lib/gcc/arm-none-eabi/9.3.1/thumb/v7e-m+fp/hard/crtbegin.o

.preinit_array  0x0000000008005e54        0x0
                0x0000000008005e54                . = ALIGN (0x4)
                0x0000000008005e54                PROVIDE (__preinit_array_start = .)
 *(.preinit_array*)
                0x0000000008005e54                PROVIDE (__preinit_array_end = .)
                0x0000000008005e54                . = ALIGN (0x4)

.init_array     0x0000000008005e54        0x4
                0x0000000008005e54                . = ALIGN (0x4)
                0x0000000008005e54                PROVIDE (__init_array_start = .)
 *(SORT_BY_NAME(.init_array.*))
 *(.init_array*)
 .init_array    0x0000000008005e54        0x4 d:/programs/stm32cubeide_1.7.0/stm32cubeide/plugins/com.st.stm32cube.ide.mcu.externaltools.gnu-tools-for-stm32.9-2020-q2-update.win32_2.0.0.202105311346/tools/bin/../lib/gcc/arm-none-eabi/9.3.1/thumb/v7e-m+fp/hard/crtbegin.o
                0x0000000008005e58                PROVIDE (__init_array_end = .)
                0x0000000008005e58                . = ALIGN (0x4)

.fini_array     0x0000000008005e58        0x4
                0x0000000008005e58                . = ALIGN (0x4)
                [!provide]                        PROVIDE (__fini_array_start = .)
 *(SORT_BY_NAME(.fini_array.*))
 *(.fini_array*)
 .fini_array    0x0000000008005e58        0x4 d:/programs/stm32cubeide_1.7.0/stm32cubeide/plugins/com.st.stm32cube.ide.mcu.externaltools.gnu-tools-for-stm32.9-2020-q2-update.win32_2.0.0.202105311346/tools/bin/../lib/gcc/arm-none-eabi/9.3.1/thumb/v7e-m+fp/hard/crtbegin.o
                [!provide]                        PROVIDE (__fini_array_end = .)
                0x0000000008005e5c                . = ALIGN (0x4)
                0x0000000008005e5c                _sidata = LOADADDR (.data)

.data           0x0000000020000000       0x78 load address 0x0000000008005e5c
                0x0000000020000000                . = ALIGN (0x4)
                0x0000000020000000                _sdata = .
 *(.data)
 *(.data*)
 .data.Font_7x10
                0x0000000020000000        0x8 ./Core/Src/fonts.o
                0x0000000020000000                Font_7x10
 .data.SystemCoreClock
                0x0000000020000008        0x4 ./Core/Src/system_stm32f4xx.o
                0x0000000020000008                SystemCoreClock
 .data.uwTickPrio
                0x000000002000000c        0x4 ./Drivers/STM32F4xx_HAL_Driver/Src/stm32f4xx_hal.o
                0x000000002000000c                uwTickPrio
 .data.uwTickFreq
                0x0000000020000010        0x1 ./Drivers/STM32F4xx_HAL_Driver/Src/stm32f4xx_hal.o
                0x0000000020000010                uwTickFreq
 *fill*         0x0000000020000011        0x3 
 .data._impure_ptr
                0x0000000020000014        0x4 d:/programs/stm32cubeide_1.7.0/stm32cubeide/plugins/com.st.stm32cube.ide.mcu.externaltools.gnu-tools-for-stm32.9-2020-q2-update.win32_2.0.0.202105311346/tools/bin/../lib/gcc/arm-none-eabi/9.3.1/../../../../arm-none-eabi/lib/thumb/v7e-m+fp/hard\libc_nano.a(lib_a-impure.o)
                0x0000000020000014                _impure_ptr
 .data.impure_data
                0x0000000020000018       0x60 d:/programs/stm32cubeide_1.7.0/stm32cubeide/plugins/com.st.stm32cube.ide.mcu.externaltools.gnu-tools-for-stm32.9-2020-q2-update.win32_2.0.0.202105311346/tools/bin/../lib/gcc/arm-none-eabi/9.3.1/../../../../arm-none-eabi/lib/thumb/v7e-m+fp/hard\libc_nano.a(lib_a-impure.o)
 *(.RamFunc)
 *(.RamFunc*)
                0x0000000020000078                . = ALIGN (0x4)
                0x0000000020000078                _edata = .
                0x0000000008005ed4                _siccmram = LOADADDR (.ccmram)

.igot.plt       0x0000000020000078        0x0 load address 0x0000000008005ed4
 .igot.plt      0x0000000020000078        0x0 d:/programs/stm32cubeide_1.7.0/stm32cubeide/plugins/com.st.stm32cube.ide.mcu.externaltools.gnu-tools-for-stm32.9-2020-q2-update.win32_2.0.0.202105311346/tools/bin/../lib/gcc/arm-none-eabi/9.3.1/thumb/v7e-m+fp/hard/crtbegin.o

.ccmram         0x0000000010000000        0x0 load address 0x0000000008005ed4
                0x0000000010000000                . = ALIGN (0x4)
                0x0000000010000000                _sccmram = .
 *(.ccmram)
 *(.ccmram*)
                0x0000000010000000                . = ALIGN (0x4)
                0x0000000010000000                _eccmram = .
                0x0000000010000000                . = ALIGN (0x4)

.bss            0x0000000020000078      0x1dc
                0x0000000020000078                _sbss = .
                0x0000000020000078                __bss_start__ = _sbss
 *(.bss)
 .bss           0x0000000020000078       0x1c d:/programs/stm32cubeide_1.7.0/stm32cubeide/plugins/com.st.stm32cube.ide.mcu.externaltools.gnu-tools-for-stm32.9-2020-q2-update.win32_2.0.0.202105311346/tools/bin/../lib/gcc/arm-none-eabi/9.3.1/thumb/v7e-m+fp/hard/crtbegin.o
 *(.bss*)
 .bss.TxData    0x0000000020000094        0x8 ./Core/Src/main.o
                0x0000000020000094                TxData
 .bss.TxData2   0x000000002000009c        0x8 ./Core/Src/main.o
                0x000000002000009c                TxData2
 .bss.dataflag  0x00000000200000a4        0x4 ./Core/Src/main.o
                0x00000000200000a4                dataflag
 .bss.dataflag2
                0x00000000200000a8        0x4 ./Core/Src/main.o
                0x00000000200000a8                dataflag2
 .bss.timer0_flag
                0x00000000200000ac        0x4 ./Core/Src/main.o
                0x00000000200000ac                timer0_flag
 .bss.timer0_counter
                0x00000000200000b0        0x4 ./Core/Src/main.o
                0x00000000200000b0                timer0_counter
 .bss.timer1_flag
                0x00000000200000b4        0x4 ./Core/Src/main.o
                0x00000000200000b4                timer1_flag
 .bss.timer1_counter
                0x00000000200000b8        0x4 ./Core/Src/main.o
                0x00000000200000b8                timer1_counter
 .bss.data2counter
                0x00000000200000bc        0x4 ./Core/Src/main.o
                0x00000000200000bc                data2counter
 .bss.HAL_RCC_CAN1_CLK_ENABLED
                0x00000000200000c0        0x4 ./Core/Src/stm32f4xx_hal_msp.o
 .bss.__sbrk_heap_end
                0x00000000200000c4        0x4 ./Core/Src/sysmem.o
 .bss.__malloc_free_list
                0x00000000200000c8        0x4 d:/programs/stm32cubeide_1.7.0/stm32cubeide/plugins/com.st.stm32cube.ide.mcu.externaltools.gnu-tools-for-stm32.9-2020-q2-update.win32_2.0.0.202105311346/tools/bin/../lib/gcc/arm-none-eabi/9.3.1/../../../../arm-none-eabi/lib/thumb/v7e-m+fp/hard\libc_nano.a(lib_a-nano-mallocr.o)
                0x00000000200000c8                __malloc_free_list
 .bss.__malloc_sbrk_start
                0x00000000200000cc        0x4 d:/programs/stm32cubeide_1.7.0/stm32cubeide/plugins/com.st.stm32cube.ide.mcu.externaltools.gnu-tools-for-stm32.9-2020-q2-update.win32_2.0.0.202105311346/tools/bin/../lib/gcc/arm-none-eabi/9.3.1/../../../../arm-none-eabi/lib/thumb/v7e-m+fp/hard\libc_nano.a(lib_a-nano-mallocr.o)
                0x00000000200000cc                __malloc_sbrk_start
 *(COMMON)
 COMMON         0x00000000200000d0      0x170 ./Core/Src/main.o
                0x00000000200000d0                TxHeader2
                0x00000000200000e8                RxData2
                0x00000000200000f0                RxHeader2
                0x000000002000010c                hcan2
                0x0000000020000134                TxMailbox2
                0x0000000020000138                TxMailbox
                0x000000002000013c                hspi1
                0x0000000020000194                RxData
                0x000000002000019c                htim2
                0x00000000200001e4                hcan1
                0x000000002000020c                TxHeader
                0x0000000020000224                RxHeader
 COMMON         0x0000000020000240        0x4 ./Drivers/STM32F4xx_HAL_Driver/Src/stm32f4xx_hal.o
                0x0000000020000240                uwTick
 COMMON         0x0000000020000244        0x4 d:/programs/stm32cubeide_1.7.0/stm32cubeide/plugins/com.st.stm32cube.ide.mcu.externaltools.gnu-tools-for-stm32.9-2020-q2-update.win32_2.0.0.202105311346/tools/bin/../lib/gcc/arm-none-eabi/9.3.1/../../../../arm-none-eabi/lib/thumb/v7e-m+fp/hard\libc_nano.a(lib_a-reent.o)
                0x0000000020000244                errno
 COMMON         0x0000000020000248        0x9 d:/programs/stm32cubeide_1.7.0/stm32cubeide/plugins/com.st.stm32cube.ide.mcu.externaltools.gnu-tools-for-stm32.9-2020-q2-update.win32_2.0.0.202105311346/tools/bin/../lib/gcc/arm-none-eabi/9.3.1/../../../../arm-none-eabi/lib/thumb/v7e-m+fp/hard\libc_nano.a(lib_a-lock.o)
                0x0000000020000248                __lock___atexit_recursive_mutex
                0x0000000020000249                __lock___arc4random_mutex
                0x000000002000024a                __lock___env_recursive_mutex
                0x000000002000024b                __lock___sinit_recursive_mutex
                0x000000002000024c                __lock___malloc_recursive_mutex
                0x000000002000024d                __lock___at_quick_exit_mutex
                0x000000002000024e                __lock___dd_hash_mutex
                0x000000002000024f                __lock___tz_mutex
                0x0000000020000250                __lock___sfp_recursive_mutex
                0x0000000020000254                . = ALIGN (0x4)
 *fill*         0x0000000020000251        0x3 
                0x0000000020000254                _ebss = .
                0x0000000020000254                __bss_end__ = _ebss

._user_heap_stack
                0x0000000020000254      0x604
                0x0000000020000258                . = ALIGN (0x8)
 *fill*         0x0000000020000254        0x4 
                [!provide]                        PROVIDE (end = .)
                0x0000000020000258                PROVIDE (_end = .)
                0x0000000020000458                . = (. + _Min_Heap_Size)
 *fill*         0x0000000020000258      0x200 
                0x0000000020000858                . = (. + _Min_Stack_Size)
 *fill*         0x0000000020000458      0x400 
                0x0000000020000858                . = ALIGN (0x8)

/DISCARD/
 libc.a(*)
 libm.a(*)
 libgcc.a(*)

.ARM.attributes
                0x0000000000000000       0x30
 *(.ARM.attributes)
 .ARM.attributes
                0x0000000000000000       0x1e d:/programs/stm32cubeide_1.7.0/stm32cubeide/plugins/com.st.stm32cube.ide.mcu.externaltools.gnu-tools-for-stm32.9-2020-q2-update.win32_2.0.0.202105311346/tools/bin/../lib/gcc/arm-none-eabi/9.3.1/thumb/v7e-m+fp/hard/crti.o
 .ARM.attributes
                0x000000000000001e       0x34 d:/programs/stm32cubeide_1.7.0/stm32cubeide/plugins/com.st.stm32cube.ide.mcu.externaltools.gnu-tools-for-stm32.9-2020-q2-update.win32_2.0.0.202105311346/tools/bin/../lib/gcc/arm-none-eabi/9.3.1/thumb/v7e-m+fp/hard/crtbegin.o
 .ARM.attributes
                0x0000000000000052       0x34 ./Core/Src/LCD_driver.o
 .ARM.attributes
                0x0000000000000086       0x39 ./Core/Src/fonts.o
 .ARM.attributes
                0x00000000000000bf       0x34 ./Core/Src/main.o
 .ARM.attributes
                0x00000000000000f3       0x34 ./Core/Src/st7789.o
 .ARM.attributes
                0x0000000000000127       0x34 ./Core/Src/stm32f4xx_hal_msp.o
 .ARM.attributes
                0x000000000000015b       0x34 ./Core/Src/stm32f4xx_it.o
 .ARM.attributes
                0x000000000000018f       0x34 ./Core/Src/sysmem.o
 .ARM.attributes
                0x00000000000001c3       0x34 ./Core/Src/system_stm32f4xx.o
 .ARM.attributes
                0x00000000000001f7       0x21 ./Core/Startup/startup_stm32f405rgtx.o
 .ARM.attributes
                0x0000000000000218       0x34 ./Drivers/STM32F4xx_HAL_Driver/Src/stm32f4xx_hal.o
 .ARM.attributes
                0x000000000000024c       0x34 ./Drivers/STM32F4xx_HAL_Driver/Src/stm32f4xx_hal_can.o
 .ARM.attributes
                0x0000000000000280       0x34 ./Drivers/STM32F4xx_HAL_Driver/Src/stm32f4xx_hal_cortex.o
 .ARM.attributes
                0x00000000000002b4       0x34 ./Drivers/STM32F4xx_HAL_Driver/Src/stm32f4xx_hal_gpio.o
 .ARM.attributes
                0x00000000000002e8       0x34 ./Drivers/STM32F4xx_HAL_Driver/Src/stm32f4xx_hal_rcc.o
 .ARM.attributes
                0x000000000000031c       0x34 ./Drivers/STM32F4xx_HAL_Driver/Src/stm32f4xx_hal_spi.o
 .ARM.attributes
                0x0000000000000350       0x34 ./Drivers/STM32F4xx_HAL_Driver/Src/stm32f4xx_hal_tim.o
 .ARM.attributes
                0x0000000000000384       0x34 ./Drivers/STM32F4xx_HAL_Driver/Src/stm32f4xx_hal_tim_ex.o
 .ARM.attributes
                0x00000000000003b8       0x34 d:/programs/stm32cubeide_1.7.0/stm32cubeide/plugins/com.st.stm32cube.ide.mcu.externaltools.gnu-tools-for-stm32.9-2020-q2-update.win32_2.0.0.202105311346/tools/bin/../lib/gcc/arm-none-eabi/9.3.1/../../../../arm-none-eabi/lib/thumb/v7e-m+fp/hard\libc_nano.a(lib_a-errno.o)
 .ARM.attributes
                0x00000000000003ec       0x32 d:/programs/stm32cubeide_1.7.0/stm32cubeide/plugins/com.st.stm32cube.ide.mcu.externaltools.gnu-tools-for-stm32.9-2020-q2-update.win32_2.0.0.202105311346/tools/bin/../lib/gcc/arm-none-eabi/9.3.1/../../../../arm-none-eabi/lib/thumb/v7e-m+fp/hard\libc_nano.a(lib_a-impure.o)
 .ARM.attributes
                0x000000000000041e       0x34 d:/programs/stm32cubeide_1.7.0/stm32cubeide/plugins/com.st.stm32cube.ide.mcu.externaltools.gnu-tools-for-stm32.9-2020-q2-update.win32_2.0.0.202105311346/tools/bin/../lib/gcc/arm-none-eabi/9.3.1/../../../../arm-none-eabi/lib/thumb/v7e-m+fp/hard\libc_nano.a(lib_a-init.o)
 .ARM.attributes
                0x0000000000000452       0x34 d:/programs/stm32cubeide_1.7.0/stm32cubeide/plugins/com.st.stm32cube.ide.mcu.externaltools.gnu-tools-for-stm32.9-2020-q2-update.win32_2.0.0.202105311346/tools/bin/../lib/gcc/arm-none-eabi/9.3.1/../../../../arm-none-eabi/lib/thumb/v7e-m+fp/hard\libc_nano.a(lib_a-memset.o)
 .ARM.attributes
                0x0000000000000486       0x34 d:/programs/stm32cubeide_1.7.0/stm32cubeide/plugins/com.st.stm32cube.ide.mcu.externaltools.gnu-tools-for-stm32.9-2020-q2-update.win32_2.0.0.202105311346/tools/bin/../lib/gcc/arm-none-eabi/9.3.1/../../../../arm-none-eabi/lib/thumb/v7e-m+fp/hard\libc_nano.a(lib_a-sprintf.o)
 .ARM.attributes
                0x00000000000004ba       0x34 d:/programs/stm32cubeide_1.7.0/stm32cubeide/plugins/com.st.stm32cube.ide.mcu.externaltools.gnu-tools-for-stm32.9-2020-q2-update.win32_2.0.0.202105311346/tools/bin/../lib/gcc/arm-none-eabi/9.3.1/../../../../arm-none-eabi/lib/thumb/v7e-m+fp/hard\libc_nano.a(lib_a-nano-svfprintf.o)
 .ARM.attributes
                0x00000000000004ee       0x34 d:/programs/stm32cubeide_1.7.0/stm32cubeide/plugins/com.st.stm32cube.ide.mcu.externaltools.gnu-tools-for-stm32.9-2020-q2-update.win32_2.0.0.202105311346/tools/bin/../lib/gcc/arm-none-eabi/9.3.1/../../../../arm-none-eabi/lib/thumb/v7e-m+fp/hard\libc_nano.a(lib_a-nano-vfprintf_i.o)
 .ARM.attributes
                0x0000000000000522       0x1c d:/programs/stm32cubeide_1.7.0/stm32cubeide/plugins/com.st.stm32cube.ide.mcu.externaltools.gnu-tools-for-stm32.9-2020-q2-update.win32_2.0.0.202105311346/tools/bin/../lib/gcc/arm-none-eabi/9.3.1/../../../../arm-none-eabi/lib/thumb/v7e-m+fp/hard\libc_nano.a(lib_a-memchr.o)
 .ARM.attributes
                0x000000000000053e       0x34 d:/programs/stm32cubeide_1.7.0/stm32cubeide/plugins/com.st.stm32cube.ide.mcu.externaltools.gnu-tools-for-stm32.9-2020-q2-update.win32_2.0.0.202105311346/tools/bin/../lib/gcc/arm-none-eabi/9.3.1/../../../../arm-none-eabi/lib/thumb/v7e-m+fp/hard\libc_nano.a(lib_a-memcpy-stub.o)
 .ARM.attributes
                0x0000000000000572       0x34 d:/programs/stm32cubeide_1.7.0/stm32cubeide/plugins/com.st.stm32cube.ide.mcu.externaltools.gnu-tools-for-stm32.9-2020-q2-update.win32_2.0.0.202105311346/tools/bin/../lib/gcc/arm-none-eabi/9.3.1/../../../../arm-none-eabi/lib/thumb/v7e-m+fp/hard\libc_nano.a(lib_a-memmove.o)
 .ARM.attributes
                0x00000000000005a6       0x34 d:/programs/stm32cubeide_1.7.0/stm32cubeide/plugins/com.st.stm32cube.ide.mcu.externaltools.gnu-tools-for-stm32.9-2020-q2-update.win32_2.0.0.202105311346/tools/bin/../lib/gcc/arm-none-eabi/9.3.1/../../../../arm-none-eabi/lib/thumb/v7e-m+fp/hard\libc_nano.a(lib_a-nano-freer.o)
 .ARM.attributes
                0x00000000000005da       0x34 d:/programs/stm32cubeide_1.7.0/stm32cubeide/plugins/com.st.stm32cube.ide.mcu.externaltools.gnu-tools-for-stm32.9-2020-q2-update.win32_2.0.0.202105311346/tools/bin/../lib/gcc/arm-none-eabi/9.3.1/../../../../arm-none-eabi/lib/thumb/v7e-m+fp/hard\libc_nano.a(lib_a-nano-mallocr.o)
 .ARM.attributes
                0x000000000000060e       0x34 d:/programs/stm32cubeide_1.7.0/stm32cubeide/plugins/com.st.stm32cube.ide.mcu.externaltools.gnu-tools-for-stm32.9-2020-q2-update.win32_2.0.0.202105311346/tools/bin/../lib/gcc/arm-none-eabi/9.3.1/../../../../arm-none-eabi/lib/thumb/v7e-m+fp/hard\libc_nano.a(lib_a-nano-reallocr.o)
 .ARM.attributes
                0x0000000000000642       0x34 d:/programs/stm32cubeide_1.7.0/stm32cubeide/plugins/com.st.stm32cube.ide.mcu.externaltools.gnu-tools-for-stm32.9-2020-q2-update.win32_2.0.0.202105311346/tools/bin/../lib/gcc/arm-none-eabi/9.3.1/../../../../arm-none-eabi/lib/thumb/v7e-m+fp/hard\libc_nano.a(lib_a-sbrkr.o)
 .ARM.attributes
                0x0000000000000676       0x34 d:/programs/stm32cubeide_1.7.0/stm32cubeide/plugins/com.st.stm32cube.ide.mcu.externaltools.gnu-tools-for-stm32.9-2020-q2-update.win32_2.0.0.202105311346/tools/bin/../lib/gcc/arm-none-eabi/9.3.1/../../../../arm-none-eabi/lib/thumb/v7e-m+fp/hard\libc_nano.a(lib_a-mlock.o)
 .ARM.attributes
                0x00000000000006aa       0x34 d:/programs/stm32cubeide_1.7.0/stm32cubeide/plugins/com.st.stm32cube.ide.mcu.externaltools.gnu-tools-for-stm32.9-2020-q2-update.win32_2.0.0.202105311346/tools/bin/../lib/gcc/arm-none-eabi/9.3.1/../../../../arm-none-eabi/lib/thumb/v7e-m+fp/hard\libc_nano.a(lib_a-nano-msizer.o)
 .ARM.attributes
                0x00000000000006de       0x34 d:/programs/stm32cubeide_1.7.0/stm32cubeide/plugins/com.st.stm32cube.ide.mcu.externaltools.gnu-tools-for-stm32.9-2020-q2-update.win32_2.0.0.202105311346/tools/bin/../lib/gcc/arm-none-eabi/9.3.1/../../../../arm-none-eabi/lib/thumb/v7e-m+fp/hard\libc_nano.a(lib_a-reent.o)
 .ARM.attributes
                0x0000000000000712       0x34 d:/programs/stm32cubeide_1.7.0/stm32cubeide/plugins/com.st.stm32cube.ide.mcu.externaltools.gnu-tools-for-stm32.9-2020-q2-update.win32_2.0.0.202105311346/tools/bin/../lib/gcc/arm-none-eabi/9.3.1/../../../../arm-none-eabi/lib/thumb/v7e-m+fp/hard\libc_nano.a(lib_a-lock.o)
 .ARM.attributes
                0x0000000000000746       0x1e d:/programs/stm32cubeide_1.7.0/stm32cubeide/plugins/com.st.stm32cube.ide.mcu.externaltools.gnu-tools-for-stm32.9-2020-q2-update.win32_2.0.0.202105311346/tools/bin/../lib/gcc/arm-none-eabi/9.3.1/thumb/v7e-m+fp/hard\libgcc.a(_aeabi_uldivmod.o)
 .ARM.attributes
                0x0000000000000764       0x34 d:/programs/stm32cubeide_1.7.0/stm32cubeide/plugins/com.st.stm32cube.ide.mcu.externaltools.gnu-tools-for-stm32.9-2020-q2-update.win32_2.0.0.202105311346/tools/bin/../lib/gcc/arm-none-eabi/9.3.1/thumb/v7e-m+fp/hard\libgcc.a(_udivmoddi4.o)
 .ARM.attributes
                0x0000000000000798       0x1e d:/programs/stm32cubeide_1.7.0/stm32cubeide/plugins/com.st.stm32cube.ide.mcu.externaltools.gnu-tools-for-stm32.9-2020-q2-update.win32_2.0.0.202105311346/tools/bin/../lib/gcc/arm-none-eabi/9.3.1/thumb/v7e-m+fp/hard\libgcc.a(_dvmd_tls.o)
 .ARM.attributes
                0x00000000000007b6       0x1e d:/programs/stm32cubeide_1.7.0/stm32cubeide/plugins/com.st.stm32cube.ide.mcu.externaltools.gnu-tools-for-stm32.9-2020-q2-update.win32_2.0.0.202105311346/tools/bin/../lib/gcc/arm-none-eabi/9.3.1/thumb/v7e-m+fp/hard/crtn.o
OUTPUT(Practice Board.elf elf32-littlearm)
LOAD linker stubs
LOAD d:/programs/stm32cubeide_1.7.0/stm32cubeide/plugins/com.st.stm32cube.ide.mcu.externaltools.gnu-tools-for-stm32.9-2020-q2-update.win32_2.0.0.202105311346/tools/bin/../lib/gcc/arm-none-eabi/9.3.1/../../../../arm-none-eabi/lib/thumb/v7e-m+fp/hard\libc.a
LOAD d:/programs/stm32cubeide_1.7.0/stm32cubeide/plugins/com.st.stm32cube.ide.mcu.externaltools.gnu-tools-for-stm32.9-2020-q2-update.win32_2.0.0.202105311346/tools/bin/../lib/gcc/arm-none-eabi/9.3.1/../../../../arm-none-eabi/lib/thumb/v7e-m+fp/hard\libm.a
LOAD d:/programs/stm32cubeide_1.7.0/stm32cubeide/plugins/com.st.stm32cube.ide.mcu.externaltools.gnu-tools-for-stm32.9-2020-q2-update.win32_2.0.0.202105311346/tools/bin/../lib/gcc/arm-none-eabi/9.3.1/thumb/v7e-m+fp/hard\libgcc.a

.debug_info     0x0000000000000000    0x118c4
 .debug_info    0x0000000000000000     0x1953 ./Core/Src/LCD_driver.o
 .debug_info    0x0000000000001953      0x1df ./Core/Src/fonts.o
 .debug_info    0x0000000000001b32     0x22ee ./Core/Src/main.o
 .debug_info    0x0000000000003e20     0x128e ./Core/Src/st7789.o
 .debug_info    0x00000000000050ae     0x151c ./Core/Src/stm32f4xx_hal_msp.o
 .debug_info    0x00000000000065ca      0xec9 ./Core/Src/stm32f4xx_it.o
 .debug_info    0x0000000000007493      0xa25 ./Core/Src/sysmem.o
 .debug_info    0x0000000000007eb8      0x5a4 ./Core/Src/system_stm32f4xx.o
 .debug_info    0x000000000000845c       0x22 ./Core/Startup/startup_stm32f405rgtx.o
 .debug_info    0x000000000000847e      0x9a0 ./Drivers/STM32F4xx_HAL_Driver/Src/stm32f4xx_hal.o
 .debug_info    0x0000000000008e1e     0x1089 ./Drivers/STM32F4xx_HAL_Driver/Src/stm32f4xx_hal_can.o
 .debug_info    0x0000000000009ea7      0xec5 ./Drivers/STM32F4xx_HAL_Driver/Src/stm32f4xx_hal_cortex.o
 .debug_info    0x000000000000ad6c      0x83e ./Drivers/STM32F4xx_HAL_Driver/Src/stm32f4xx_hal_gpio.o
 .debug_info    0x000000000000b5aa      0x996 ./Drivers/STM32F4xx_HAL_Driver/Src/stm32f4xx_hal_rcc.o
 .debug_info    0x000000000000bf40     0x17c0 ./Drivers/STM32F4xx_HAL_Driver/Src/stm32f4xx_hal_spi.o
 .debug_info    0x000000000000d700     0x2c22 ./Drivers/STM32F4xx_HAL_Driver/Src/stm32f4xx_hal_tim.o
 .debug_info    0x0000000000010322     0x15a2 ./Drivers/STM32F4xx_HAL_Driver/Src/stm32f4xx_hal_tim_ex.o

.debug_abbrev   0x0000000000000000     0x23bb
 .debug_abbrev  0x0000000000000000      0x2fd ./Core/Src/LCD_driver.o
 .debug_abbrev  0x00000000000002fd       0xbb ./Core/Src/fonts.o
 .debug_abbrev  0x00000000000003b8      0x392 ./Core/Src/main.o
 .debug_abbrev  0x000000000000074a      0x265 ./Core/Src/st7789.o
 .debug_abbrev  0x00000000000009af      0x237 ./Core/Src/stm32f4xx_hal_msp.o
 .debug_abbrev  0x0000000000000be6      0x1b8 ./Core/Src/stm32f4xx_it.o
 .debug_abbrev  0x0000000000000d9e      0x1bf ./Core/Src/sysmem.o
 .debug_abbrev  0x0000000000000f5d      0x145 ./Core/Src/system_stm32f4xx.o
 .debug_abbrev  0x00000000000010a2       0x12 ./Core/Startup/startup_stm32f405rgtx.o
 .debug_abbrev  0x00000000000010b4      0x1ed ./Drivers/STM32F4xx_HAL_Driver/Src/stm32f4xx_hal.o
 .debug_abbrev  0x00000000000012a1      0x246 ./Drivers/STM32F4xx_HAL_Driver/Src/stm32f4xx_hal_can.o
 .debug_abbrev  0x00000000000014e7      0x33c ./Drivers/STM32F4xx_HAL_Driver/Src/stm32f4xx_hal_cortex.o
 .debug_abbrev  0x0000000000001823      0x1f1 ./Drivers/STM32F4xx_HAL_Driver/Src/stm32f4xx_hal_gpio.o
 .debug_abbrev  0x0000000000001a14      0x275 ./Drivers/STM32F4xx_HAL_Driver/Src/stm32f4xx_hal_rcc.o
 .debug_abbrev  0x0000000000001c89      0x26e ./Drivers/STM32F4xx_HAL_Driver/Src/stm32f4xx_hal_spi.o
 .debug_abbrev  0x0000000000001ef7      0x25e ./Drivers/STM32F4xx_HAL_Driver/Src/stm32f4xx_hal_tim.o
 .debug_abbrev  0x0000000000002155      0x266 ./Drivers/STM32F4xx_HAL_Driver/Src/stm32f4xx_hal_tim_ex.o

.debug_aranges  0x0000000000000000      0xe98
 .debug_aranges
                0x0000000000000000       0xc8 ./Core/Src/LCD_driver.o
 .debug_aranges
                0x00000000000000c8       0x18 ./Core/Src/fonts.o
 .debug_aranges
                0x00000000000000e0       0x88 ./Core/Src/main.o
 .debug_aranges
                0x0000000000000168       0xd0 ./Core/Src/st7789.o
 .debug_aranges
                0x0000000000000238       0x50 ./Core/Src/stm32f4xx_hal_msp.o
 .debug_aranges
                0x0000000000000288       0x78 ./Core/Src/stm32f4xx_it.o
 .debug_aranges
                0x0000000000000300       0x20 ./Core/Src/sysmem.o
 .debug_aranges
                0x0000000000000320       0x28 ./Core/Src/system_stm32f4xx.o
 .debug_aranges
                0x0000000000000348       0x28 ./Core/Startup/startup_stm32f405rgtx.o
 .debug_aranges
                0x0000000000000370       0xf0 ./Drivers/STM32F4xx_HAL_Driver/Src/stm32f4xx_hal.o
 .debug_aranges
                0x0000000000000460      0x138 ./Drivers/STM32F4xx_HAL_Driver/Src/stm32f4xx_hal_can.o
 .debug_aranges
                0x0000000000000598      0x118 ./Drivers/STM32F4xx_HAL_Driver/Src/stm32f4xx_hal_cortex.o
 .debug_aranges
                0x00000000000006b0       0x58 ./Drivers/STM32F4xx_HAL_Driver/Src/stm32f4xx_hal_gpio.o
 .debug_aranges
                0x0000000000000708       0x88 ./Drivers/STM32F4xx_HAL_Driver/Src/stm32f4xx_hal_rcc.o
 .debug_aranges
                0x0000000000000790      0x1d0 ./Drivers/STM32F4xx_HAL_Driver/Src/stm32f4xx_hal_spi.o
 .debug_aranges
                0x0000000000000960      0x3d0 ./Drivers/STM32F4xx_HAL_Driver/Src/stm32f4xx_hal_tim.o
 .debug_aranges
                0x0000000000000d30      0x168 ./Drivers/STM32F4xx_HAL_Driver/Src/stm32f4xx_hal_tim_ex.o

.debug_ranges   0x0000000000000000      0xd88
 .debug_ranges  0x0000000000000000       0xb8 ./Core/Src/LCD_driver.o
 .debug_ranges  0x00000000000000b8       0x78 ./Core/Src/main.o
 .debug_ranges  0x0000000000000130       0xc0 ./Core/Src/st7789.o
 .debug_ranges  0x00000000000001f0       0x40 ./Core/Src/stm32f4xx_hal_msp.o
 .debug_ranges  0x0000000000000230       0x68 ./Core/Src/stm32f4xx_it.o
 .debug_ranges  0x0000000000000298       0x10 ./Core/Src/sysmem.o
 .debug_ranges  0x00000000000002a8       0x18 ./Core/Src/system_stm32f4xx.o
 .debug_ranges  0x00000000000002c0       0x20 ./Core/Startup/startup_stm32f405rgtx.o
 .debug_ranges  0x00000000000002e0       0xe0 ./Drivers/STM32F4xx_HAL_Driver/Src/stm32f4xx_hal.o
 .debug_ranges  0x00000000000003c0      0x128 ./Drivers/STM32F4xx_HAL_Driver/Src/stm32f4xx_hal_can.o
 .debug_ranges  0x00000000000004e8      0x108 ./Drivers/STM32F4xx_HAL_Driver/Src/stm32f4xx_hal_cortex.o
 .debug_ranges  0x00000000000005f0       0x48 ./Drivers/STM32F4xx_HAL_Driver/Src/stm32f4xx_hal_gpio.o
 .debug_ranges  0x0000000000000638       0x78 ./Drivers/STM32F4xx_HAL_Driver/Src/stm32f4xx_hal_rcc.o
 .debug_ranges  0x00000000000006b0      0x1c0 ./Drivers/STM32F4xx_HAL_Driver/Src/stm32f4xx_hal_spi.o
 .debug_ranges  0x0000000000000870      0x3c0 ./Drivers/STM32F4xx_HAL_Driver/Src/stm32f4xx_hal_tim.o
 .debug_ranges  0x0000000000000c30      0x158 ./Drivers/STM32F4xx_HAL_Driver/Src/stm32f4xx_hal_tim_ex.o

.debug_macro    0x0000000000000000    0x20297
 .debug_macro   0x0000000000000000      0x2df ./Core/Src/LCD_driver.o
 .debug_macro   0x00000000000002df      0xaa8 ./Core/Src/LCD_driver.o
 .debug_macro   0x0000000000000d87      0x2a1 ./Core/Src/LCD_driver.o
 .debug_macro   0x0000000000001028       0x2e ./Core/Src/LCD_driver.o
 .debug_macro   0x0000000000001056       0x2f ./Core/Src/LCD_driver.o
 .debug_macro   0x0000000000001085       0x22 ./Core/Src/LCD_driver.o
 .debug_macro   0x00000000000010a7       0x8e ./Core/Src/LCD_driver.o
 .debug_macro   0x0000000000001135       0x51 ./Core/Src/LCD_driver.o
 .debug_macro   0x0000000000001186      0x103 ./Core/Src/LCD_driver.o
 .debug_macro   0x0000000000001289       0x6a ./Core/Src/LCD_driver.o
 .debug_macro   0x00000000000012f3      0x1df ./Core/Src/LCD_driver.o
 .debug_macro   0x00000000000014d2       0x1c ./Core/Src/LCD_driver.o
 .debug_macro   0x00000000000014ee       0x22 ./Core/Src/LCD_driver.o
 .debug_macro   0x0000000000001510       0xdf ./Core/Src/LCD_driver.o
 .debug_macro   0x00000000000015ef     0x102d ./Core/Src/LCD_driver.o
 .debug_macro   0x000000000000261c      0x11f ./Core/Src/LCD_driver.o
 .debug_macro   0x000000000000273b    0x1426d ./Core/Src/LCD_driver.o
 .debug_macro   0x00000000000169a8       0x6d ./Core/Src/LCD_driver.o
 .debug_macro   0x0000000000016a15     0x3666 ./Core/Src/LCD_driver.o
 .debug_macro   0x000000000001a07b      0x174 ./Core/Src/LCD_driver.o
 .debug_macro   0x000000000001a1ef       0x5c ./Core/Src/LCD_driver.o
 .debug_macro   0x000000000001a24b      0x8a7 ./Core/Src/LCD_driver.o
 .debug_macro   0x000000000001aaf2      0x9fe ./Core/Src/LCD_driver.o
 .debug_macro   0x000000000001b4f0      0x116 ./Core/Src/LCD_driver.o
 .debug_macro   0x000000000001b606      0x130 ./Core/Src/LCD_driver.o
 .debug_macro   0x000000000001b736       0xa5 ./Core/Src/LCD_driver.o
 .debug_macro   0x000000000001b7db      0x174 ./Core/Src/LCD_driver.o
 .debug_macro   0x000000000001b94f      0x287 ./Core/Src/LCD_driver.o
 .debug_macro   0x000000000001bbd6       0x5f ./Core/Src/LCD_driver.o
 .debug_macro   0x000000000001bc35      0x236 ./Core/Src/LCD_driver.o
 .debug_macro   0x000000000001be6b      0x40f ./Core/Src/LCD_driver.o
 .debug_macro   0x000000000001c27a      0x12c ./Core/Src/LCD_driver.o
 .debug_macro   0x000000000001c3a6      0x21e ./Core/Src/LCD_driver.o
 .debug_macro   0x000000000001c5c4       0x2e ./Core/Src/LCD_driver.o
 .debug_macro   0x000000000001c5f2      0x11a ./Core/Src/LCD_driver.o
 .debug_macro   0x000000000001c70c       0x7e ./Core/Src/LCD_driver.o
 .debug_macro   0x000000000001c78a       0x89 ./Core/Src/LCD_driver.o
 .debug_macro   0x000000000001c813      0x225 ./Core/Src/LCD_driver.o
 .debug_macro   0x000000000001ca38      0x8d1 ./Core/Src/LCD_driver.o
 .debug_macro   0x000000000001d309       0x47 ./Core/Src/LCD_driver.o
 .debug_macro   0x000000000001d350      0x12d ./Core/Src/LCD_driver.o
 .debug_macro   0x000000000001d47d       0x40 ./Core/Src/LCD_driver.o
 .debug_macro   0x000000000001d4bd       0x52 ./Core/Src/LCD_driver.o
 .debug_macro   0x000000000001d50f       0x18 ./Core/Src/LCD_driver.o
 .debug_macro   0x000000000001d527       0x3c ./Core/Src/LCD_driver.o
 .debug_macro   0x000000000001d563       0x34 ./Core/Src/LCD_driver.o
 .debug_macro   0x000000000001d597       0x16 ./Core/Src/LCD_driver.o
 .debug_macro   0x000000000001d5ad       0x43 ./Core/Src/LCD_driver.o
 .debug_macro   0x000000000001d5f0       0x34 ./Core/Src/LCD_driver.o
 .debug_macro   0x000000000001d624       0x10 ./Core/Src/LCD_driver.o
 .debug_macro   0x000000000001d634       0x58 ./Core/Src/LCD_driver.o
 .debug_macro   0x000000000001d68c       0x71 ./Core/Src/LCD_driver.o
 .debug_macro   0x000000000001d6fd       0x1c ./Core/Src/LCD_driver.o
 .debug_macro   0x000000000001d719      0x12a ./Core/Src/LCD_driver.o
 .debug_macro   0x000000000001d843      0x333 ./Core/Src/LCD_driver.o
 .debug_macro   0x000000000001db76      0x1a9 ./Core/Src/LCD_driver.o
 .debug_macro   0x000000000001dd1f       0x16 ./Core/Src/LCD_driver.o
 .debug_macro   0x000000000001dd35       0x35 ./Core/Src/LCD_driver.o
 .debug_macro   0x000000000001dd6a       0x16 ./Core/Src/LCD_driver.o
 .debug_macro   0x000000000001dd80       0x29 ./Core/Src/LCD_driver.o
 .debug_macro   0x000000000001dda9       0xc4 ./Core/Src/LCD_driver.o
 .debug_macro   0x000000000001de6d       0x6c ./Core/Src/fonts.o
 .debug_macro   0x000000000001ded9       0x10 ./Core/Src/fonts.o
 .debug_macro   0x000000000001dee9      0x3c9 ./Core/Src/main.o
 .debug_macro   0x000000000001e2b2       0x16 ./Core/Src/main.o
 .debug_macro   0x000000000001e2c8       0x10 ./Core/Src/main.o
 .debug_macro   0x000000000001e2d8       0x10 ./Core/Src/main.o
 .debug_macro   0x000000000001e2e8       0x1c ./Core/Src/main.o
 .debug_macro   0x000000000001e304       0x52 ./Core/Src/main.o
 .debug_macro   0x000000000001e356       0x22 ./Core/Src/main.o
 .debug_macro   0x000000000001e378       0x10 ./Core/Src/main.o
 .debug_macro   0x000000000001e388       0x40 ./Core/Src/main.o
 .debug_macro   0x000000000001e3c8       0xd5 ./Core/Src/main.o
 .debug_macro   0x000000000001e49d       0x1c ./Core/Src/main.o
 .debug_macro   0x000000000001e4b9       0x3d ./Core/Src/main.o
 .debug_macro   0x000000000001e4f6       0x16 ./Core/Src/main.o
 .debug_macro   0x000000000001e50c      0x145 ./Core/Src/main.o
 .debug_macro   0x000000000001e651       0x10 ./Core/Src/main.o
 .debug_macro   0x000000000001e661      0x1ec ./Core/Src/main.o
 .debug_macro   0x000000000001e84d      0x1fe ./Core/Src/st7789.o
 .debug_macro   0x000000000001ea4b      0x1e7 ./Core/Src/stm32f4xx_hal_msp.o
 .debug_macro   0x000000000001ec32      0x1f1 ./Core/Src/stm32f4xx_it.o
 .debug_macro   0x000000000001ee23       0xff ./Core/Src/sysmem.o
 .debug_macro   0x000000000001ef22      0x23b ./Core/Src/sysmem.o
 .debug_macro   0x000000000001f15d      0x1d8 ./Core/Src/system_stm32f4xx.o
 .debug_macro   0x000000000001f335      0x238 ./Drivers/STM32F4xx_HAL_Driver/Src/stm32f4xx_hal.o
 .debug_macro   0x000000000001f56d      0x1e0 ./Drivers/STM32F4xx_HAL_Driver/Src/stm32f4xx_hal_can.o
 .debug_macro   0x000000000001f74d      0x1d8 ./Drivers/STM32F4xx_HAL_Driver/Src/stm32f4xx_hal_cortex.o
 .debug_macro   0x000000000001f925      0x1de ./Drivers/STM32F4xx_HAL_Driver/Src/stm32f4xx_hal_gpio.o
 .debug_macro   0x000000000001fb03      0x1fc ./Drivers/STM32F4xx_HAL_Driver/Src/stm32f4xx_hal_rcc.o
 .debug_macro   0x000000000001fcff      0x1e7 ./Drivers/STM32F4xx_HAL_Driver/Src/stm32f4xx_hal_spi.o
 .debug_macro   0x000000000001fee6      0x1d9 ./Drivers/STM32F4xx_HAL_Driver/Src/stm32f4xx_hal_tim.o
 .debug_macro   0x00000000000200bf      0x1d8 ./Drivers/STM32F4xx_HAL_Driver/Src/stm32f4xx_hal_tim_ex.o

.debug_line     0x0000000000000000     0xf878
 .debug_line    0x0000000000000000      0xf19 ./Core/Src/LCD_driver.o
 .debug_line    0x0000000000000f19      0x3a2 ./Core/Src/fonts.o
 .debug_line    0x00000000000012bb      0xd5c ./Core/Src/main.o
 .debug_line    0x0000000000002017      0xda8 ./Core/Src/st7789.o
 .debug_line    0x0000000000002dbf      0x842 ./Core/Src/stm32f4xx_hal_msp.o
 .debug_line    0x0000000000003601      0x7ff ./Core/Src/stm32f4xx_it.o
 .debug_line    0x0000000000003e00      0x516 ./Core/Src/sysmem.o
 .debug_line    0x0000000000004316      0x776 ./Core/Src/system_stm32f4xx.o
 .debug_line    0x0000000000004a8c       0x88 ./Core/Startup/startup_stm32f405rgtx.o
 .debug_line    0x0000000000004b14      0x9dc ./Drivers/STM32F4xx_HAL_Driver/Src/stm32f4xx_hal.o
 .debug_line    0x00000000000054f0     0x1148 ./Drivers/STM32F4xx_HAL_Driver/Src/stm32f4xx_hal_can.o
 .debug_line    0x0000000000006638      0xc8b ./Drivers/STM32F4xx_HAL_Driver/Src/stm32f4xx_hal_cortex.o
 .debug_line    0x00000000000072c3      0xb52 ./Drivers/STM32F4xx_HAL_Driver/Src/stm32f4xx_hal_gpio.o
 .debug_line    0x0000000000007e15      0xd56 ./Drivers/STM32F4xx_HAL_Driver/Src/stm32f4xx_hal_rcc.o
 .debug_line    0x0000000000008b6b     0x1c64 ./Drivers/STM32F4xx_HAL_Driver/Src/stm32f4xx_hal_spi.o
 .debug_line    0x000000000000a7cf     0x36d0 ./Drivers/STM32F4xx_HAL_Driver/Src/stm32f4xx_hal_tim.o
 .debug_line    0x000000000000de9f     0x19d9 ./Drivers/STM32F4xx_HAL_Driver/Src/stm32f4xx_hal_tim_ex.o

.debug_str      0x0000000000000000    0xc3d7a
 .debug_str     0x0000000000000000    0xbe552 ./Core/Src/LCD_driver.o
                                      0xbe920 (size before relaxing)
 .debug_str     0x00000000000be552       0x84 ./Core/Src/fonts.o
                                       0x3d64 (size before relaxing)
 .debug_str     0x00000000000be5d6     0x1f91 ./Core/Src/main.o
                                      0xc0791 (size before relaxing)
 .debug_str     0x00000000000c0567      0x294 ./Core/Src/st7789.o
                                      0xbb277 (size before relaxing)
 .debug_str     0x00000000000c07fb      0x574 ./Core/Src/stm32f4xx_hal_msp.o
                                      0xbb4a5 (size before relaxing)
 .debug_str     0x00000000000c0d6f       0xf5 ./Core/Src/stm32f4xx_it.o
                                      0xbaee7 (size before relaxing)
 .debug_str     0x00000000000c0e64      0x4e9 ./Core/Src/sysmem.o
                                       0x629c (size before relaxing)
 .debug_str     0x00000000000c134d       0xaf ./Core/Src/system_stm32f4xx.o
                                      0xba4ef (size before relaxing)
 .debug_str     0x00000000000c13fc       0x36 ./Core/Startup/startup_stm32f405rgtx.o
                                         0x6d (size before relaxing)
 .debug_str     0x00000000000c1432      0x583 ./Drivers/STM32F4xx_HAL_Driver/Src/stm32f4xx_hal.o
                                      0xbafb0 (size before relaxing)
 .debug_str     0x00000000000c19b5      0x44e ./Drivers/STM32F4xx_HAL_Driver/Src/stm32f4xx_hal_can.o
                                      0xbabfb (size before relaxing)
 .debug_str     0x00000000000c1e03      0x399 ./Drivers/STM32F4xx_HAL_Driver/Src/stm32f4xx_hal_cortex.o
                                      0xbad9f (size before relaxing)
 .debug_str     0x00000000000c219c      0x15f ./Drivers/STM32F4xx_HAL_Driver/Src/stm32f4xx_hal_gpio.o
                                      0xba696 (size before relaxing)
 .debug_str     0x00000000000c22fb      0x259 ./Drivers/STM32F4xx_HAL_Driver/Src/stm32f4xx_hal_rcc.o
                                      0xba8f1 (size before relaxing)
 .debug_str     0x00000000000c2554      0x570 ./Drivers/STM32F4xx_HAL_Driver/Src/stm32f4xx_hal_spi.o
                                      0xbad93 (size before relaxing)
 .debug_str     0x00000000000c2ac4      0xdc8 ./Drivers/STM32F4xx_HAL_Driver/Src/stm32f4xx_hal_tim.o
                                      0xbb81e (size before relaxing)
 .debug_str     0x00000000000c388c      0x4ee ./Drivers/STM32F4xx_HAL_Driver/Src/stm32f4xx_hal_tim_ex.o
                                      0xbafcf (size before relaxing)

.comment        0x0000000000000000       0x53
 .comment       0x0000000000000000       0x53 ./Core/Src/LCD_driver.o
                                         0x54 (size before relaxing)
 .comment       0x0000000000000053       0x54 ./Core/Src/fonts.o
 .comment       0x0000000000000053       0x54 ./Core/Src/main.o
 .comment       0x0000000000000053       0x54 ./Core/Src/st7789.o
 .comment       0x0000000000000053       0x54 ./Core/Src/stm32f4xx_hal_msp.o
 .comment       0x0000000000000053       0x54 ./Core/Src/stm32f4xx_it.o
 .comment       0x0000000000000053       0x54 ./Core/Src/sysmem.o
 .comment       0x0000000000000053       0x54 ./Core/Src/system_stm32f4xx.o
 .comment       0x0000000000000053       0x54 ./Drivers/STM32F4xx_HAL_Driver/Src/stm32f4xx_hal.o
 .comment       0x0000000000000053       0x54 ./Drivers/STM32F4xx_HAL_Driver/Src/stm32f4xx_hal_can.o
 .comment       0x0000000000000053       0x54 ./Drivers/STM32F4xx_HAL_Driver/Src/stm32f4xx_hal_cortex.o
 .comment       0x0000000000000053       0x54 ./Drivers/STM32F4xx_HAL_Driver/Src/stm32f4xx_hal_gpio.o
 .comment       0x0000000000000053       0x54 ./Drivers/STM32F4xx_HAL_Driver/Src/stm32f4xx_hal_rcc.o
 .comment       0x0000000000000053       0x54 ./Drivers/STM32F4xx_HAL_Driver/Src/stm32f4xx_hal_spi.o
 .comment       0x0000000000000053       0x54 ./Drivers/STM32F4xx_HAL_Driver/Src/stm32f4xx_hal_tim.o
 .comment       0x0000000000000053       0x54 ./Drivers/STM32F4xx_HAL_Driver/Src/stm32f4xx_hal_tim_ex.o

.debug_frame    0x0000000000000000     0x417c
 .debug_frame   0x0000000000000000      0x350 ./Core/Src/LCD_driver.o
 .debug_frame   0x0000000000000350      0x1f8 ./Core/Src/main.o
 .debug_frame   0x0000000000000548      0x398 ./Core/Src/st7789.o
 .debug_frame   0x00000000000008e0      0x110 ./Core/Src/stm32f4xx_hal_msp.o
 .debug_frame   0x00000000000009f0      0x158 ./Core/Src/stm32f4xx_it.o
 .debug_frame   0x0000000000000b48       0x34 ./Core/Src/sysmem.o
 .debug_frame   0x0000000000000b7c       0x58 ./Core/Src/system_stm32f4xx.o
 .debug_frame   0x0000000000000bd4      0x374 ./Drivers/STM32F4xx_HAL_Driver/Src/stm32f4xx_hal.o
 .debug_frame   0x0000000000000f48      0x5a0 ./Drivers/STM32F4xx_HAL_Driver/Src/stm32f4xx_hal_can.o
 .debug_frame   0x00000000000014e8      0x498 ./Drivers/STM32F4xx_HAL_Driver/Src/stm32f4xx_hal_cortex.o
 .debug_frame   0x0000000000001980      0x14c ./Drivers/STM32F4xx_HAL_Driver/Src/stm32f4xx_hal_gpio.o
 .debug_frame   0x0000000000001acc      0x1ec ./Drivers/STM32F4xx_HAL_Driver/Src/stm32f4xx_hal_rcc.o
 .debug_frame   0x0000000000001cb8      0x824 ./Drivers/STM32F4xx_HAL_Driver/Src/stm32f4xx_hal_spi.o
 .debug_frame   0x00000000000024dc     0x11c4 ./Drivers/STM32F4xx_HAL_Driver/Src/stm32f4xx_hal_tim.o
 .debug_frame   0x00000000000036a0      0x638 ./Drivers/STM32F4xx_HAL_Driver/Src/stm32f4xx_hal_tim_ex.o
 .debug_frame   0x0000000000003cd8       0x20 d:/programs/stm32cubeide_1.7.0/stm32cubeide/plugins/com.st.stm32cube.ide.mcu.externaltools.gnu-tools-for-stm32.9-2020-q2-update.win32_2.0.0.202105311346/tools/bin/../lib/gcc/arm-none-eabi/9.3.1/../../../../arm-none-eabi/lib/thumb/v7e-m+fp/hard\libc_nano.a(lib_a-errno.o)
 .debug_frame   0x0000000000003cf8       0x2c d:/programs/stm32cubeide_1.7.0/stm32cubeide/plugins/com.st.stm32cube.ide.mcu.externaltools.gnu-tools-for-stm32.9-2020-q2-update.win32_2.0.0.202105311346/tools/bin/../lib/gcc/arm-none-eabi/9.3.1/../../../../arm-none-eabi/lib/thumb/v7e-m+fp/hard\libc_nano.a(lib_a-init.o)
 .debug_frame   0x0000000000003d24       0x20 d:/programs/stm32cubeide_1.7.0/stm32cubeide/plugins/com.st.stm32cube.ide.mcu.externaltools.gnu-tools-for-stm32.9-2020-q2-update.win32_2.0.0.202105311346/tools/bin/../lib/gcc/arm-none-eabi/9.3.1/../../../../arm-none-eabi/lib/thumb/v7e-m+fp/hard\libc_nano.a(lib_a-memset.o)
 .debug_frame   0x0000000000003d44       0x6c d:/programs/stm32cubeide_1.7.0/stm32cubeide/plugins/com.st.stm32cube.ide.mcu.externaltools.gnu-tools-for-stm32.9-2020-q2-update.win32_2.0.0.202105311346/tools/bin/../lib/gcc/arm-none-eabi/9.3.1/../../../../arm-none-eabi/lib/thumb/v7e-m+fp/hard\libc_nano.a(lib_a-sprintf.o)
 .debug_frame   0x0000000000003db0       0x90 d:/programs/stm32cubeide_1.7.0/stm32cubeide/plugins/com.st.stm32cube.ide.mcu.externaltools.gnu-tools-for-stm32.9-2020-q2-update.win32_2.0.0.202105311346/tools/bin/../lib/gcc/arm-none-eabi/9.3.1/../../../../arm-none-eabi/lib/thumb/v7e-m+fp/hard\libc_nano.a(lib_a-nano-svfprintf.o)
 .debug_frame   0x0000000000003e40       0x60 d:/programs/stm32cubeide_1.7.0/stm32cubeide/plugins/com.st.stm32cube.ide.mcu.externaltools.gnu-tools-for-stm32.9-2020-q2-update.win32_2.0.0.202105311346/tools/bin/../lib/gcc/arm-none-eabi/9.3.1/../../../../arm-none-eabi/lib/thumb/v7e-m+fp/hard\libc_nano.a(lib_a-nano-vfprintf_i.o)
 .debug_frame   0x0000000000003ea0       0x28 d:/programs/stm32cubeide_1.7.0/stm32cubeide/plugins/com.st.stm32cube.ide.mcu.externaltools.gnu-tools-for-stm32.9-2020-q2-update.win32_2.0.0.202105311346/tools/bin/../lib/gcc/arm-none-eabi/9.3.1/../../../../arm-none-eabi/lib/thumb/v7e-m+fp/hard\libc_nano.a(lib_a-memcpy-stub.o)
 .debug_frame   0x0000000000003ec8       0x28 d:/programs/stm32cubeide_1.7.0/stm32cubeide/plugins/com.st.stm32cube.ide.mcu.externaltools.gnu-tools-for-stm32.9-2020-q2-update.win32_2.0.0.202105311346/tools/bin/../lib/gcc/arm-none-eabi/9.3.1/../../../../arm-none-eabi/lib/thumb/v7e-m+fp/hard\libc_nano.a(lib_a-memmove.o)
 .debug_frame   0x0000000000003ef0       0x38 d:/programs/stm32cubeide_1.7.0/stm32cubeide/plugins/com.st.stm32cube.ide.mcu.externaltools.gnu-tools-for-stm32.9-2020-q2-update.win32_2.0.0.202105311346/tools/bin/../lib/gcc/arm-none-eabi/9.3.1/../../../../arm-none-eabi/lib/thumb/v7e-m+fp/hard\libc_nano.a(lib_a-nano-freer.o)
 .debug_frame   0x0000000000003f28       0x30 d:/programs/stm32cubeide_1.7.0/stm32cubeide/plugins/com.st.stm32cube.ide.mcu.externaltools.gnu-tools-for-stm32.9-2020-q2-update.win32_2.0.0.202105311346/tools/bin/../lib/gcc/arm-none-eabi/9.3.1/../../../../arm-none-eabi/lib/thumb/v7e-m+fp/hard\libc_nano.a(lib_a-nano-mallocr.o)
 .debug_frame   0x0000000000003f58       0x3c d:/programs/stm32cubeide_1.7.0/stm32cubeide/plugins/com.st.stm32cube.ide.mcu.externaltools.gnu-tools-for-stm32.9-2020-q2-update.win32_2.0.0.202105311346/tools/bin/../lib/gcc/arm-none-eabi/9.3.1/../../../../arm-none-eabi/lib/thumb/v7e-m+fp/hard\libc_nano.a(lib_a-nano-reallocr.o)
 .debug_frame   0x0000000000003f94       0x2c d:/programs/stm32cubeide_1.7.0/stm32cubeide/plugins/com.st.stm32cube.ide.mcu.externaltools.gnu-tools-for-stm32.9-2020-q2-update.win32_2.0.0.202105311346/tools/bin/../lib/gcc/arm-none-eabi/9.3.1/../../../../arm-none-eabi/lib/thumb/v7e-m+fp/hard\libc_nano.a(lib_a-sbrkr.o)
 .debug_frame   0x0000000000003fc0       0x30 d:/programs/stm32cubeide_1.7.0/stm32cubeide/plugins/com.st.stm32cube.ide.mcu.externaltools.gnu-tools-for-stm32.9-2020-q2-update.win32_2.0.0.202105311346/tools/bin/../lib/gcc/arm-none-eabi/9.3.1/../../../../arm-none-eabi/lib/thumb/v7e-m+fp/hard\libc_nano.a(lib_a-mlock.o)
 .debug_frame   0x0000000000003ff0       0x20 d:/programs/stm32cubeide_1.7.0/stm32cubeide/plugins/com.st.stm32cube.ide.mcu.externaltools.gnu-tools-for-stm32.9-2020-q2-update.win32_2.0.0.202105311346/tools/bin/../lib/gcc/arm-none-eabi/9.3.1/../../../../arm-none-eabi/lib/thumb/v7e-m+fp/hard\libc_nano.a(lib_a-nano-msizer.o)
 .debug_frame   0x0000000000004010       0x5c d:/programs/stm32cubeide_1.7.0/stm32cubeide/plugins/com.st.stm32cube.ide.mcu.externaltools.gnu-tools-for-stm32.9-2020-q2-update.win32_2.0.0.202105311346/tools/bin/../lib/gcc/arm-none-eabi/9.3.1/../../../../arm-none-eabi/lib/thumb/v7e-m+fp/hard\libc_nano.a(lib_a-reent.o)
 .debug_frame   0x000000000000406c       0xb0 d:/programs/stm32cubeide_1.7.0/stm32cubeide/plugins/com.st.stm32cube.ide.mcu.externaltools.gnu-tools-for-stm32.9-2020-q2-update.win32_2.0.0.202105311346/tools/bin/../lib/gcc/arm-none-eabi/9.3.1/../../../../arm-none-eabi/lib/thumb/v7e-m+fp/hard\libc_nano.a(lib_a-lock.o)
 .debug_frame   0x000000000000411c       0x2c d:/programs/stm32cubeide_1.7.0/stm32cubeide/plugins/com.st.stm32cube.ide.mcu.externaltools.gnu-tools-for-stm32.9-2020-q2-update.win32_2.0.0.202105311346/tools/bin/../lib/gcc/arm-none-eabi/9.3.1/thumb/v7e-m+fp/hard\libgcc.a(_aeabi_uldivmod.o)
 .debug_frame   0x0000000000004148       0x34 d:/programs/stm32cubeide_1.7.0/stm32cubeide/plugins/com.st.stm32cube.ide.mcu.externaltools.gnu-tools-for-stm32.9-2020-q2-update.win32_2.0.0.202105311346/tools/bin/../lib/gcc/arm-none-eabi/9.3.1/thumb/v7e-m+fp/hard\libgcc.a(_udivmoddi4.o)
