main.c:109:5:main	80	static
main.c:248:6:SystemClock_Config	88	static
main.c:288:13:MX_CAN1_Init	48	static
main.c:338:13:MX_CAN2_Init	48	static
main.c:389:13:MX_SPI1_Init	8	static
main.c:427:13:MX_TIM2_Init	32	static
main.c:472:13:MX_GPIO_Init	40	static
main.c:512:5:calc_SAE_J1850	32	static
main.c:530:6:setTimer0	16	static
main.c:535:6:setTimer1	16	static
main.c:540:6:timerRun	4	static
main.c:553:6:HAL_CAN_RxFifo0MsgPendingCallback	16	static
main.c:569:6:HAL_TIM_PeriodElapsedCallback	16	static
main.c:579:6:Error_Handler	4	static,ignoring_inline_asm
